Archive member included to satisfy reference by file (symbol)

D:\STM32CubePrj\lib_sdk_1.0.3_nucleo_f401re\embedded-stm32-course-main\stm32-nonos-stdperiph-sdk\lib_stm\libLibraries.a(system_stm32f4xx.o)
                              ./Src/drivers/timebase.o (SystemCoreClock)
D:\STM32CubePrj\lib_sdk_1.0.3_nucleo_f401re\embedded-stm32-course-main\stm32-nonos-stdperiph-sdk\lib_stm\libLibraries.a(stm32f401re_gpio.o)
                              ./Src/periph/button.o (GPIO_Init)
D:\STM32CubePrj\lib_sdk_1.0.3_nucleo_f401re\embedded-stm32-course-main\stm32-nonos-stdperiph-sdk\lib_stm\libLibraries.a(stm32f401re_rcc.o)
                              ./Src/drivers/gpio.o (RCC_AHB1PeriphClockCmd)
D:\STM32CubePrj\lib_sdk_1.0.3_nucleo_f401re\embedded-stm32-course-main\stm32-nonos-stdperiph-sdk\lib_stm\libLibraries.a(button.o)
                              ./Src/main.o (Button_Init)
D:\STM32CubePrj\lib_sdk_1.0.3_nucleo_f401re\embedded-stm32-course-main\stm32-nonos-stdperiph-sdk\lib_stm\libLibraries.a(timer.o)
                              ./Src/drivers/timebase.o (TimerInit)
D:\STM32CubePrj\lib_sdk_1.0.3_nucleo_f401re\embedded-stm32-course-main\stm32-nonos-stdperiph-sdk\lib_stm\libLibraries.a(Ucglib.o)
                              ./Src/graphic/display_init.o (Ucglib4WireSWSPI_begin)
D:\STM32CubePrj\lib_sdk_1.0.3_nucleo_f401re\embedded-stm32-course-main\stm32-nonos-stdperiph-sdk\lib_stm\libLibraries.a(ucg_box.o)
                              ./Src/game/menu_ui.o (ucg_DrawBox)
D:\STM32CubePrj\lib_sdk_1.0.3_nucleo_f401re\embedded-stm32-course-main\stm32-nonos-stdperiph-sdk\lib_stm\libLibraries.a(ucg_ccs.o)
                              D:\STM32CubePrj\lib_sdk_1.0.3_nucleo_f401re\embedded-stm32-course-main\stm32-nonos-stdperiph-sdk\lib_stm\libLibraries.a(ucg_box.o) (ucg_ccs_init)
D:\STM32CubePrj\lib_sdk_1.0.3_nucleo_f401re\embedded-stm32-course-main\stm32-nonos-stdperiph-sdk\lib_stm\libLibraries.a(ucg_circle.o)
                              D:\STM32CubePrj\lib_sdk_1.0.3_nucleo_f401re\embedded-stm32-course-main\stm32-nonos-stdperiph-sdk\lib_stm\libLibraries.a(ucg_box.o) (ucg_DrawCircle)
D:\STM32CubePrj\lib_sdk_1.0.3_nucleo_f401re\embedded-stm32-course-main\stm32-nonos-stdperiph-sdk\lib_stm\libLibraries.a(ucg_dev_default_cb.o)
                              D:\STM32CubePrj\lib_sdk_1.0.3_nucleo_f401re\embedded-stm32-course-main\stm32-nonos-stdperiph-sdk\lib_stm\libLibraries.a(Ucglib.o) (ucg_dev_default_cb)
D:\STM32CubePrj\lib_sdk_1.0.3_nucleo_f401re\embedded-stm32-course-main\stm32-nonos-stdperiph-sdk\lib_stm\libLibraries.a(ucg_dev_ic_st7735.o)
                              D:\STM32CubePrj\lib_sdk_1.0.3_nucleo_f401re\embedded-stm32-course-main\stm32-nonos-stdperiph-sdk\lib_stm\libLibraries.a(Ucglib.o) (ucg_ext_st7735_18)
D:\STM32CubePrj\lib_sdk_1.0.3_nucleo_f401re\embedded-stm32-course-main\stm32-nonos-stdperiph-sdk\lib_stm\libLibraries.a(ucg_dev_msg_api.o)
                              D:\STM32CubePrj\lib_sdk_1.0.3_nucleo_f401re\embedded-stm32-course-main\stm32-nonos-stdperiph-sdk\lib_stm\libLibraries.a(ucg_box.o) (ucg_SetMaxClipRange)
D:\STM32CubePrj\lib_sdk_1.0.3_nucleo_f401re\embedded-stm32-course-main\stm32-nonos-stdperiph-sdk\lib_stm\libLibraries.a(ucg_dev_tft_128x128_st7735.o)
                              D:\STM32CubePrj\lib_sdk_1.0.3_nucleo_f401re\embedded-stm32-course-main\stm32-nonos-stdperiph-sdk\lib_stm\libLibraries.a(Ucglib.o) (ucg_dev_st7735_18x128x128)
D:\STM32CubePrj\lib_sdk_1.0.3_nucleo_f401re\embedded-stm32-course-main\stm32-nonos-stdperiph-sdk\lib_stm\libLibraries.a(ucg_font.o)
                              D:\STM32CubePrj\lib_sdk_1.0.3_nucleo_f401re\embedded-stm32-course-main\stm32-nonos-stdperiph-sdk\lib_stm\libLibraries.a(Ucglib.o) (ucg_SetFontMode)
D:\STM32CubePrj\lib_sdk_1.0.3_nucleo_f401re\embedded-stm32-course-main\stm32-nonos-stdperiph-sdk\lib_stm\libLibraries.a(ucg_init.o)
                              D:\STM32CubePrj\lib_sdk_1.0.3_nucleo_f401re\embedded-stm32-course-main\stm32-nonos-stdperiph-sdk\lib_stm\libLibraries.a(Ucglib.o) (ucg_Init)
D:\STM32CubePrj\lib_sdk_1.0.3_nucleo_f401re\embedded-stm32-course-main\stm32-nonos-stdperiph-sdk\lib_stm\libLibraries.a(ucg_line.o)
                              D:\STM32CubePrj\lib_sdk_1.0.3_nucleo_f401re\embedded-stm32-course-main\stm32-nonos-stdperiph-sdk\lib_stm\libLibraries.a(ucg_font.o) (ucg_Draw90Line)
D:\STM32CubePrj\lib_sdk_1.0.3_nucleo_f401re\embedded-stm32-course-main\stm32-nonos-stdperiph-sdk\lib_stm\libLibraries.a(ucg_pixel.o)
                              ./Src/game/menu_ui.o (ucg_SetColor)
D:\STM32CubePrj\lib_sdk_1.0.3_nucleo_f401re\embedded-stm32-course-main\stm32-nonos-stdperiph-sdk\lib_stm\libLibraries.a(ucg_pixel_font_data.o)
                              ./Src/game/menu_ui.o (ucg_font_helvB08_tr)
D:\STM32CubePrj\lib_sdk_1.0.3_nucleo_f401re\embedded-stm32-course-main\stm32-nonos-stdperiph-sdk\lib_stm\libLibraries.a(ucg_polygon.o)
                              ./Src/game/menu_ui.o (ucg_DrawTriangle)
[...]
Memory Configuration

Name             Origin             Length             Attributes
RAM              0x20000000         0x00018000         xrw
FLASH            0x08000000         0x00080000         xr
*default*        0x00000000         0xffffffff

Linker script and memory map

LOAD C:/ST/STM32CubeIDE_1.19.0/STM32CubeIDE/plugins/com.st.stm32cube.ide.mcu.externaltools.gnu-tools-for-stm32.13.3.rel1.win32_1.0.0.202411081344/tools/bin/../lib/gcc/arm-none-eabi/13.3.1/thumb/v7e-m+fp/hard/crti.o
LOAD C:/ST/STM32CubeIDE_1.19.0/STM32CubeIDE/plugins/com.st.stm32cube.ide.mcu.externaltools.gnu-tools-for-stm32.13.3.rel1.win32_1.0.0.202411081344/tools/bin/../lib/gcc/arm-none-eabi/13.3.1/thumb/v7e-m+fp/hard/crtbegin.o
LOAD C:/ST/STM32CubeIDE_1.19.0/STM32CubeIDE/plugins/com.st.stm32cube.ide.mcu.externaltools.gnu-tools-for-stm32.13.3.rel1.win32_1.0.0.202411081344/tools/bin/../lib/gcc/arm-none-eabi/13.3.1/../../../../arm-none-eabi/lib/thumb/v7e-m+fp/hard/crt0.o
LOAD ./Src/drivers/gpio.o
LOAD ./Src/drivers/timebase.o
LOAD ./Src/game/collision.o
LOAD ./Src/game/levels.o
LOAD ./Src/game/menu_ui.o
LOAD ./Src/game/run_game.o
LOAD ./Src/graphic/display_init.o
LOAD ./Src/graphic/render.o
LOAD ./Src/main.o
LOAD ./Src/syscalls.o
LOAD ./Src/sysmem.o
LOAD ./Src/periph/button.o
LOAD ./Src/periph/buzzer.o
LOAD ./Src/periph/led.o
LOAD ./Startup/startup_stm32f401retx.o
LOAD ./lib_sdk_1.0.3_nucleo_f401re/embedded-stm32-course-main/stm32-nonos-stdperiph-sdk/docs/light-sensor-library/LightDependentResistor.o
LOAD ./lib_sdk_1.0.3_nucleo_f401re/embedded-stm32-course-main/stm32-nonos-stdperiph-sdk/docs/queue-test/queue.o
LOAD ./lib_sdk_1.0.3_nucleo_f401re/embedded-stm32-course-main/stm32-nonos-stdperiph-sdk/shared/Utilities/kalman_filter.o
LOAD D:\STM32CubePrj\lib_sdk_1.0.3_nucleo_f401re\embedded-stm32-course-main\stm32-nonos-stdperiph-sdk\lib_stm\libLibraries.a
START GROUP
LOAD C:/ST/STM32CubeIDE_1.19.0/STM32CubeIDE/plugins/com.st.stm32cube.ide.mcu.externaltools.gnu-tools-for-stm32.13.3.rel1.win32_1.0.0.202411081344/tools/bin/../lib/gcc/arm-none-eabi/13.3.1/../../../../arm-none-eabi/lib/thumb/v7e-m+fp/hard\libc_nano.a
LOAD C:/ST/STM32CubeIDE_1.19.0/STM32CubeIDE/plugins/com.st.stm32cube.ide.mcu.externaltools.gnu-tools-for-stm32.13.3.rel1.win32_1.0.0.202411081344/tools/bin/../lib/gcc/arm-none-eabi/13.3.1/../../../../arm-none-eabi/lib/thumb/v7e-m+fp/hard\libm.a
END GROUP
START GROUP
LOAD C:/ST/STM32CubeIDE_1.19.0/STM32CubeIDE/plugins/com.st.stm32cube.ide.mcu.externaltools.gnu-tools-for-stm32.13.3.rel1.win32_1.0.0.202411081344/tools/bin/../lib/gcc/arm-none-eabi/13.3.1/thumb/v7e-m+fp/hard\libgcc.a
LOAD C:/ST/STM32CubeIDE_1.19.0/STM32CubeIDE/plugins/com.st.stm32cube.ide.mcu.externaltools.gnu-tools-for-stm32.13.3.rel1.win32_1.0.0.202411081344/tools/bin/../lib/gcc/arm-none-eabi/13.3.1/../../../../arm-none-eabi/lib/thumb/v7e-m+fp/hard\libc_nano.a
END GROUP
START GROUP
LOAD C:/ST/STM32CubeIDE_1.19.0/STM32CubeIDE/plugins/com.st.stm32cube.ide.mcu.externaltools.gnu-tools-for-stm32.13.3.rel1.win32_1.0.0.202411081344/tools/bin/../lib/gcc/arm-none-eabi/13.3.1/thumb/v7e-m+fp/hard\libgcc.a
LOAD C:/ST/STM32CubeIDE_1.19.0/STM32CubeIDE/plugins/com.st.stm32cube.ide.mcu.externaltools.gnu-tools-for-stm32.13.3.rel1.win32_1.0.0.202411081344/tools/bin/../lib/gcc/arm-none-eabi/13.3.1/../../../../arm-none-eabi/lib/thumb/v7e-m+fp/hard\libc_nano.a
LOAD C:/ST/STM32CubeIDE_1.19.0/STM32CubeIDE/plugins/com.st.stm32cube.ide.mcu.externaltools.gnu-tools-for-stm32.13.3.rel1.win32_1.0.0.202411081344/tools/bin/../lib/gcc/arm-none-eabi/13.3.1/../../../../arm-none-eabi/lib/thumb/v7e-m+fp/hard\libnosys.a
END GROUP
START GROUP
LOAD C:/ST/STM32CubeIDE_1.19.0/STM32CubeIDE/plugins/com.st.stm32cube.ide.mcu.externaltools.gnu-tools-for-stm32.13.3.rel1.win32_1.0.0.202411081344/tools/bin/../lib/gcc/arm-none-eabi/13.3.1/thumb/v7e-m+fp/hard\libgcc.a
LOAD C:/ST/STM32CubeIDE_1.19.0/STM32CubeIDE/plugins/com.st.stm32cube.ide.mcu.externaltools.gnu-tools-for-stm32.13.3.rel1.win32_1.0.0.202411081344/tools/bin/../lib/gcc/arm-none-eabi/13.3.1/../../../../arm-none-eabi/lib/thumb/v7e-m+fp/hard\libc_nano.a
LOAD C:/ST/STM32CubeIDE_1.19.0/STM32CubeIDE/plugins/com.st.stm32cube.ide.mcu.externaltools.gnu-tools-for-stm32.13.3.rel1.win32_1.0.0.202411081344/tools/bin/../lib/gcc/arm-none-eabi/13.3.1/../../../../arm-none-eabi/lib/thumb/v7e-m+fp/hard\libnosys.a
END GROUP
LOAD C:/ST/STM32CubeIDE_1.19.0/STM32CubeIDE/plugins/com.st.stm32cube.ide.mcu.externaltools.gnu-tools-for-stm32.13.3.rel1.win32_1.0.0.202411081344/tools/bin/../lib/gcc/arm-none-eabi/13.3.1/thumb/v7e-m+fp/hard/crtend.o
LOAD C:/ST/STM32CubeIDE_1.19.0/STM32CubeIDE/plugins/com.st.stm32cube.ide.mcu.externaltools.gnu-tools-for-stm32.13.3.rel1.win32_1.0.0.202411081344/tools/bin/../lib/gcc/arm-none-eabi/13.3.1/thumb/v7e-m+fp/hard/crtn.o
                0x20018000                        _estack = (ORIGIN (RAM) + LENGTH (RAM))
                0x00000200                        _Min_Heap_Size = 0x200
                0x00000400                        _Min_Stack_Size = 0x400

.isr_vector     0x08000000      0x194
                0x08000000                        . = ALIGN (0x4)
 *(.isr_vector)
 .isr_vector    0x08000000      0x194 ./Startup/startup_stm32f401retx.o
                0x08000000                g_pfnVectors
                0x08000194                        . = ALIGN (0x4)

.text           0x080001a0     0x5768
                0x080001a0                        . = ALIGN (0x4)
 *(.text)
 .text          0x080001a0       0x40 C:/ST/STM32CubeIDE_1.19.0/STM32CubeIDE/plugins/com.st.stm32cube.ide.mcu.externaltools.gnu-tools-for-stm32.13.3.rel1.win32_1.0.0.202411081344/tools/bin/../lib/gcc/arm-none-eabi/13.3.1/thumb/v7e-m+fp/hard/crtbegin.o
 .text          0x080001e0       0xa0 C:/ST/STM32CubeIDE_1.19.0/STM32CubeIDE/plugins/com.st.stm32cube.ide.mcu.externaltools.gnu-tools-for-stm32.13.3.rel1.win32_1.0.0.202411081344/tools/bin/../lib/gcc/arm-none-eabi/13.3.1/../../../../arm-none-eabi/lib/thumb/v7e-m+fp/hard\libc_nano.a(libc_a-memchr.o)
                0x080001e0                memchr
 *(.text*)
 .text.GPIO_EnableAllClocks
                0x08000280       0x10 ./Src/drivers/gpio.o
                0x08000280                GPIO_EnableAllClocks
 .text.Millis   0x08000290        0xe ./Src/drivers/timebase.o
                0x08000290                Millis
 .text.Delay_ms
                0x0800029e       0x2e ./Src/drivers/timebase.o
                0x0800029e                Delay_ms
 .text.ball_collide_wall
                0x080002cc       0xc4 ./Src/game/collision.o
                0x080002cc                ball_collide_wall
 .text.ball_collide_bar
                0x08000390       0xa6 ./Src/game/collision.o
                0x08000390                ball_collide_bar
 *fill*         0x08000436        0x2 
 .text.ball_collide_boxes
                0x08000438      0x10c ./Src/game/collision.o
                0x08000438                ball_collide_boxes
 .text.draw_item
                0x08000544       0xa8 ./Src/game/menu_ui.o
 .text.UI_ShowMenu
                0x080005ec      0x578 ./Src/game/menu_ui.o
                0x080005ec                UI_ShowMenu
 .text.game_over_blink
                0x08000b64       0x1e ./Src/game/run_game.o
 *fill*         0x08000b82        0x2 
 .text.run_game
                0x08000b84      0x37c ./Src/game/run_game.o
                0x08000b84                run_game
 .text.Display_Init
                0x08000f00       0x5c ./Src/graphic/display_init.o
                0x08000f00                Display_Init
 .text.clear_ball
                0x08000f5c       0x44 ./Src/graphic/render.o
                0x08000f5c                clear_ball
 .text.draw_ball
                0x08000fa0       0x40 ./Src/graphic/render.o
                0x08000fa0                draw_ball
 .text.draw_bar
                0x08000fe0       0x68 ./Src/graphic/render.o
                0x08000fe0                draw_bar
 .text.draw_boxes
                0x08001048       0xa4 ./Src/graphic/render.o
                0x08001048                draw_boxes
 .text.main     0x080010ec       0x94 ./Src/main.o
                0x080010ec                main
 .text._sbrk    0x08001180       0x6c ./Src/sysmem.o
                0x08001180                _sbrk
 .text.Buzzer_Init
                0x080011ec       0x3c ./Src/periph/buzzer.o
                0x080011ec                Buzzer_Init
 .text.Buzzer_Beep
                0x08001228       0x34 ./Src/periph/buzzer.o
                0x08001228                Buzzer_Beep
 .text.LED_On   0x0800125c       0x18 ./Src/periph/led.o
 .text.LED_Off  0x08001274       0x18 ./Src/periph/led.o
 .text.LED_Init
                0x0800128c       0x34 ./Src/periph/led.o
                0x0800128c                LED_Init
 .text.LED_Blink
                0x080012c0       0x48 ./Src/periph/led.o
                0x080012c0                LED_Blink
 .text.Reset_Handler
                0x08001308       0x50 ./Startup/startup_stm32f401retx.o
                0x08001308                Reset_Handler
 .text.Default_Handler
                0x08001358        0x2 ./Startup/startup_stm32f401retx.o
                0x08001358                EXTI2_IRQHandler
                0x08001358                DebugMon_Handler
                0x08001358                SPI4_IRQHandler
                0x08001358                TIM1_CC_IRQHandler
                0x08001358                DMA2_Stream5_IRQHandler
                0x08001358                HardFault_Handler
                0x08001358                DMA1_Stream5_IRQHandler
                0x08001358                SDIO_IRQHandler
                0x08001358                TAMP_STAMP_IRQHandler
                0x08001358                PendSV_Handler
                0x08001358                NMI_Handler
                0x08001358                EXTI3_IRQHandler
                0x08001358                TIM1_UP_TIM10_IRQHandler
                0x08001358                I2C3_ER_IRQHandler
                0x08001358                EXTI18_OTG_FS_WKUP_IRQHandler
                0x08001358                EXTI0_IRQHandler
                0x08001358                I2C2_EV_IRQHandler
                0x08001358                DMA1_Stream2_IRQHandler
                0x08001358                UsageFault_Handler
                0x08001358                DMA2_Stream2_IRQHandler
                0x08001358                SPI1_IRQHandler
                0x08001358                TIM1_BRK_TIM9_IRQHandler
                0x08001358                DMA2_Stream3_IRQHandler
                0x08001358                USART6_IRQHandler
                0x08001358                DMA2_Stream0_IRQHandler
                0x08001358                TIM4_IRQHandler
                0x08001358                I2C1_EV_IRQHandler
                0x08001358                DMA1_Stream6_IRQHandler
                0x08001358                DMA1_Stream1_IRQHandler
                0x08001358                TIM3_IRQHandler
                0x08001358                RCC_IRQHandler
                0x08001358                Default_Handler
                0x08001358                EXTI15_10_IRQHandler
                0x08001358                ADC_IRQHandler
                0x08001358                DMA1_Stream7_IRQHandler
                0x08001358                TIM5_IRQHandler
                0x08001358                DMA2_Stream7_IRQHandler
                0x08001358                I2C3_EV_IRQHandler
                0x08001358                EXTI9_5_IRQHandler
                0x08001358                SPI2_IRQHandler
                0x08001358                MemManage_Handler
                0x08001358                DMA1_Stream0_IRQHandler
                0x08001358                SVC_Handler
                0x08001358                EXTI4_IRQHandler
                0x08001358                EXTI22_RTC_WKUP_IRQHandler
                0x08001358                TIM2_IRQHandler
                0x08001358                EXTI16_PVD_IRQHandler
                0x08001358                TIM1_TRG_COM_TIM11_IRQHandler
                0x08001358                EXTI1_IRQHandler
                0x08001358                EXTI17_RTC_Alarm_IRQHandler
                0x08001358                USART2_IRQHandler
                0x08001358                I2C2_ER_IRQHandler
                0x08001358                DMA2_Stream1_IRQHandler
                0x08001358                FLASH_IRQHandler
                0x08001358                DMA2_Stream4_IRQHandler
                0x08001358                BusFault_Handler
                0x08001358                USART1_IRQHandler
                0x08001358                OTG_FS_IRQHandler
                0x08001358                SPI3_IRQHandler
                0x08001358                DMA1_Stream4_IRQHandler
                0x08001358                I2C1_ER_IRQHandler
                0x08001358                DMA2_Stream6_IRQHandler
                0x08001358                DMA1_Stream3_IRQHandler
 .text.bufInit  0x0800135a       0x36 ./lib_sdk_1.0.3_nucleo_f401re/embedded-stm32-course-main/stm32-nonos-stdperiph-sdk/docs/queue-test/queue.o
                0x0800135a                bufInit
 .text.bufNumItems
                0x08001390       0x18 ./lib_sdk_1.0.3_nucleo_f401re/embedded-stm32-course-main/stm32-nonos-stdperiph-sdk/docs/queue-test/queue.o
                0x08001390                bufNumItems
 .text.bufIsFull
                0x080013a8       0x32 ./lib_sdk_1.0.3_nucleo_f401re/embedded-stm32-course-main/stm32-nonos-stdperiph-sdk/docs/queue-test/queue.o
                0x080013a8                bufIsFull
 .text.bufIsEmpty
                0x080013da       0x22 ./lib_sdk_1.0.3_nucleo_f401re/embedded-stm32-course-main/stm32-nonos-stdperiph-sdk/docs/queue-test/queue.o
                0x080013da                bufIsEmpty
 .text.bufFlush
                0x080013fc       0x32 ./lib_sdk_1.0.3_nucleo_f401re/embedded-stm32-course-main/stm32-nonos-stdperiph-sdk/docs/queue-test/queue.o
                0x080013fc                bufFlush
 .text.bufEnDat
                0x0800142e       0xaa ./lib_sdk_1.0.3_nucleo_f401re/embedded-stm32-course-main/stm32-nonos-stdperiph-sdk/docs/queue-test/queue.o
                0x0800142e                bufEnDat
 .text.bufDeDat
                0x080014d8       0x78 ./lib_sdk_1.0.3_nucleo_f401re/embedded-stm32-course-main/stm32-nonos-stdperiph-sdk/docs/queue-test/queue.o
                0x080014d8                bufDeDat
 .text.SystemInit
                0x08001550       0x6c D:\STM32CubePrj\lib_sdk_1.0.3_nucleo_f401re\embedded-stm32-course-main\stm32-nonos-stdperiph-sdk\lib_stm\libLibraries.a(system_stm32f4xx.o)
                0x08001550                SystemInit
 .text.SystemCoreClockUpdate
                0x080015bc       0xf8 D:\STM32CubePrj\lib_sdk_1.0.3_nucleo_f401re\embedded-stm32-course-main\stm32-nonos-stdperiph-sdk\lib_stm\libLibraries.a(system_stm32f4xx.o)
                0x080015bc                SystemCoreClockUpdate
 .text.SetSysClock
                0x080016b4       0xa0 D:\STM32CubePrj\lib_sdk_1.0.3_nucleo_f401re\embedded-stm32-course-main\stm32-nonos-stdperiph-sdk\lib_stm\libLibraries.a(system_stm32f4xx.o)
 .text.GPIO_Init
                0x08001754      0x11c D:\STM32CubePrj\lib_sdk_1.0.3_nucleo_f401re\embedded-stm32-course-main\stm32-nonos-stdperiph-sdk\lib_stm\libLibraries.a(stm32f401re_gpio.o)
                0x08001754                GPIO_Init
 .text.GPIO_ReadInputDataBit
                0x08001870       0x34 D:\STM32CubePrj\lib_sdk_1.0.3_nucleo_f401re\embedded-stm32-course-main\stm32-nonos-stdperiph-sdk\lib_stm\libLibraries.a(stm32f401re_gpio.o)
                0x08001870                GPIO_ReadInputDataBit
 .text.GPIO_SetBits
                0x080018a4       0x1e D:\STM32CubePrj\lib_sdk_1.0.3_nucleo_f401re\embedded-stm32-course-main\stm32-nonos-stdperiph-sdk\lib_stm\libLibraries.a(stm32f401re_gpio.o)
                0x080018a4                GPIO_SetBits
 .text.GPIO_ResetBits
                0x080018c2       0x1e D:\STM32CubePrj\lib_sdk_1.0.3_nucleo_f401re\embedded-stm32-course-main\stm32-nonos-stdperiph-sdk\lib_stm\libLibraries.a(stm32f401re_gpio.o)
                0x080018c2                GPIO_ResetBits
 .text.GPIO_WriteBit
                0x080018e0       0x30 D:\STM32CubePrj\lib_sdk_1.0.3_nucleo_f401re\embedded-stm32-course-main\stm32-nonos-stdperiph-sdk\lib_stm\libLibraries.a(stm32f401re_gpio.o)
                0x080018e0                GPIO_WriteBit
 .text.RCC_GetClocksFreq
                0x08001910      0x150 D:\STM32CubePrj\lib_sdk_1.0.3_nucleo_f401re\embedded-stm32-course-main\stm32-nonos-stdperiph-sdk\lib_stm\libLibraries.a(stm32f401re_rcc.o)
                0x08001910                RCC_GetClocksFreq
 .text.RCC_AHB1PeriphClockCmd
                0x08001a60       0x40 D:\STM32CubePrj\lib_sdk_1.0.3_nucleo_f401re\embedded-stm32-course-main\stm32-nonos-stdperiph-sdk\lib_stm\libLibraries.a(stm32f401re_rcc.o)
                0x08001a60                RCC_AHB1PeriphClockCmd
 .text.Button_Init
                0x08001aa0       0xbc D:\STM32CubePrj\lib_sdk_1.0.3_nucleo_f401re\embedded-stm32-course-main\stm32-nonos-stdperiph-sdk\lib_stm\libLibraries.a(button.o)
                0x08001aa0                Button_Init
 .text.Button_GetLogicInputPin
                0x08001b5c       0x3c D:\STM32CubePrj\lib_sdk_1.0.3_nucleo_f401re\embedded-stm32-course-main\stm32-nonos-stdperiph-sdk\lib_stm\libLibraries.a(button.o)
                0x08001b5c                Button_GetLogicInputPin
 .text.ButtonScanTypeEdge
                0x08001b98      0x1fc D:\STM32CubePrj\lib_sdk_1.0.3_nucleo_f401re\embedded-stm32-course-main\stm32-nonos-stdperiph-sdk\lib_stm\libLibraries.a(button.o)
 .text.ButtonScan
                0x08001d94       0x4c D:\STM32CubePrj\lib_sdk_1.0.3_nucleo_f401re\embedded-stm32-course-main\stm32-nonos-stdperiph-sdk\lib_stm\libLibraries.a(button.o)
 .text.BTNGPIO_Init
                0x08001de0       0x6c D:\STM32CubePrj\lib_sdk_1.0.3_nucleo_f401re\embedded-stm32-course-main\stm32-nonos-stdperiph-sdk\lib_stm\libLibraries.a(button.o)
 .text.NVIC_SetPriority
                0x08001e4c       0x54 D:\STM32CubePrj\lib_sdk_1.0.3_nucleo_f401re\embedded-stm32-course-main\stm32-nonos-stdperiph-sdk\lib_stm\libLibraries.a(timer.o)
 .text.SysTick_Config
                0x08001ea0       0x44 D:\STM32CubePrj\lib_sdk_1.0.3_nucleo_f401re\embedded-stm32-course-main\stm32-nonos-stdperiph-sdk\lib_stm\libLibraries.a(timer.o)
 .text.TimerInit
                0x08001ee4       0x44 D:\STM32CubePrj\lib_sdk_1.0.3_nucleo_f401re\embedded-stm32-course-main\stm32-nonos-stdperiph-sdk\lib_stm\libLibraries.a(timer.o)
                0x08001ee4                TimerInit
 .text.TimerStart
                0x08001f28       0xc4 D:\STM32CubePrj\lib_sdk_1.0.3_nucleo_f401re\embedded-stm32-course-main\stm32-nonos-stdperiph-sdk\lib_stm\libLibraries.a(timer.o)
                0x08001f28                TimerStart
 .text.TimerStop
                0x08001fec       0xa0 D:\STM32CubePrj\lib_sdk_1.0.3_nucleo_f401re\embedded-stm32-course-main\stm32-nonos-stdperiph-sdk\lib_stm\libLibraries.a(timer.o)
                0x08001fec                TimerStop
 .text.GetMilSecTick
                0x0800208c       0x18 D:\STM32CubePrj\lib_sdk_1.0.3_nucleo_f401re\embedded-stm32-course-main\stm32-nonos-stdperiph-sdk\lib_stm\libLibraries.a(timer.o)
                0x0800208c                GetMilSecTick
 .text.processTimerScheduler
                0x080020a4       0xf0 D:\STM32CubePrj\lib_sdk_1.0.3_nucleo_f401re\embedded-stm32-course-main\stm32-nonos-stdperiph-sdk\lib_stm\libLibraries.a(timer.o)
                0x080020a4                processTimerScheduler
 .text.TimeExpired
                0x08002194       0xcc D:\STM32CubePrj\lib_sdk_1.0.3_nucleo_f401re\embedded-stm32-course-main\stm32-nonos-stdperiph-sdk\lib_stm\libLibraries.a(timer.o)
 .text.SysTick_Handler
                0x08002260       0x1c D:\STM32CubePrj\lib_sdk_1.0.3_nucleo_f401re\embedded-stm32-course-main\stm32-nonos-stdperiph-sdk\lib_stm\libLibraries.a(timer.o)
                0x08002260                SysTick_Handler
 .text.delayMicroseconds
                0x0800227c       0x14 D:\STM32CubePrj\lib_sdk_1.0.3_nucleo_f401re\embedded-stm32-course-main\stm32-nonos-stdperiph-sdk\lib_stm\libLibraries.a(Ucglib.o)
 .text.ucg_gpio_init
                0x08002290       0x60 D:\STM32CubePrj\lib_sdk_1.0.3_nucleo_f401re\embedded-stm32-course-main\stm32-nonos-stdperiph-sdk\lib_stm\libLibraries.a(Ucglib.o)
 .text.ucg_com_arduino_send_generic_SW_SPI
                0x080022f0       0x74 D:\STM32CubePrj\lib_sdk_1.0.3_nucleo_f401re\embedded-stm32-course-main\stm32-nonos-stdperiph-sdk\lib_stm\libLibraries.a(Ucglib.o)
 .text.ucg_com_arduino_generic_SW_SPI
                0x08002364      0x1ec D:\STM32CubePrj\lib_sdk_1.0.3_nucleo_f401re\embedded-stm32-course-main\stm32-nonos-stdperiph-sdk\lib_stm\libLibraries.a(Ucglib.o)
 .text.Ucglib4WireSWSPI_begin
                0x08002550       0x38 D:\STM32CubePrj\lib_sdk_1.0.3_nucleo_f401re\embedded-stm32-course-main\stm32-nonos-stdperiph-sdk\lib_stm\libLibraries.a(Ucglib.o)
                0x08002550                Ucglib4WireSWSPI_begin
 .text.ucg_DrawBox
                0x08002588       0x56 D:\STM32CubePrj\lib_sdk_1.0.3_nucleo_f401re\embedded-stm32-course-main\stm32-nonos-stdperiph-sdk\lib_stm\libLibraries.a(ucg_box.o)
                0x08002588                ucg_DrawBox
 .text.ucg_ClearScreen
                0x080025de       0x50 D:\STM32CubePrj\lib_sdk_1.0.3_nucleo_f401re\embedded-stm32-course-main\stm32-nonos-stdperiph-sdk\lib_stm\libLibraries.a(ucg_box.o)
                0x080025de                ucg_ClearScreen
 .text.ucg_ccs_init
                0x0800262e       0xc0 D:\STM32CubePrj\lib_sdk_1.0.3_nucleo_f401re\embedded-stm32-course-main\stm32-nonos-stdperiph-sdk\lib_stm\libLibraries.a(ucg_ccs.o)
                0x0800262e                ucg_ccs_init
 .text.ucg_ccs_step
                0x080026ee       0x80 D:\STM32CubePrj\lib_sdk_1.0.3_nucleo_f401re\embedded-stm32-course-main\stm32-nonos-stdperiph-sdk\lib_stm\libLibraries.a(ucg_ccs.o)
                0x080026ee                ucg_ccs_step
 .text.ucg_ccs_seek
                0x0800276e       0xca D:\STM32CubePrj\lib_sdk_1.0.3_nucleo_f401re\embedded-stm32-course-main\stm32-nonos-stdperiph-sdk\lib_stm\libLibraries.a(ucg_ccs.o)
                0x0800276e                ucg_ccs_seek
 .text.ucg_draw_disc_section
                0x08002838      0x142 D:\STM32CubePrj\lib_sdk_1.0.3_nucleo_f401re\embedded-stm32-course-main\stm32-nonos-stdperiph-sdk\lib_stm\libLibraries.a(ucg_circle.o)
 .text.ucg_draw_disc
                0x0800297a       0xe4 D:\STM32CubePrj\lib_sdk_1.0.3_nucleo_f401re\embedded-stm32-course-main\stm32-nonos-stdperiph-sdk\lib_stm\libLibraries.a(ucg_circle.o)
                0x0800297a                ucg_draw_disc
 .text.ucg_DrawDisc
                0x08002a5e       0x3a D:\STM32CubePrj\lib_sdk_1.0.3_nucleo_f401re\embedded-stm32-course-main\stm32-nonos-stdperiph-sdk\lib_stm\libLibraries.a(ucg_circle.o)
                0x08002a5e                ucg_DrawDisc
 .text.ucg_dev_default_cb
                0x08002a98       0x44 D:\STM32CubePrj\lib_sdk_1.0.3_nucleo_f401re\embedded-stm32-course-main\stm32-nonos-stdperiph-sdk\lib_stm\libLibraries.a(ucg_dev_default_cb.o)
                0x08002a98                ucg_dev_default_cb
 .text.ucg_ext_none
                0x08002adc       0x1c D:\STM32CubePrj\lib_sdk_1.0.3_nucleo_f401re\embedded-stm32-course-main\stm32-nonos-stdperiph-sdk\lib_stm\libLibraries.a(ucg_dev_default_cb.o)
                0x08002adc                ucg_ext_none
 .text.ucg_handle_st7735_l90fx
                0x08002af8       0xd8 D:\STM32CubePrj\lib_sdk_1.0.3_nucleo_f401re\embedded-stm32-course-main\stm32-nonos-stdperiph-sdk\lib_stm\libLibraries.a(ucg_dev_ic_st7735.o)
                0x08002af8                ucg_handle_st7735_l90fx
 .text.ucg_handle_st7735_l90se
                0x08002bd0      0x154 D:\STM32CubePrj\lib_sdk_1.0.3_nucleo_f401re\embedded-stm32-course-main\stm32-nonos-stdperiph-sdk\lib_stm\libLibraries.a(ucg_dev_ic_st7735.o)
                0x08002bd0                ucg_handle_st7735_l90se
 .text.ucg_dev_ic_st7735_18
                0x08002d24       0xf8 D:\STM32CubePrj\lib_sdk_1.0.3_nucleo_f401re\embedded-stm32-course-main\stm32-nonos-stdperiph-sdk\lib_stm\libLibraries.a(ucg_dev_ic_st7735.o)
                0x08002d24                ucg_dev_ic_st7735_18
 .text.ucg_ext_st7735_18
                0x08002e1c       0x28 D:\STM32CubePrj\lib_sdk_1.0.3_nucleo_f401re\embedded-stm32-course-main\stm32-nonos-stdperiph-sdk\lib_stm\libLibraries.a(ucg_dev_ic_st7735.o)
                0x08002e1c                ucg_ext_st7735_18
 .text.ucg_PowerDown
                0x08002e44       0x34 D:\STM32CubePrj\lib_sdk_1.0.3_nucleo_f401re\embedded-stm32-course-main\stm32-nonos-stdperiph-sdk\lib_stm\libLibraries.a(ucg_dev_msg_api.o)
                0x08002e44                ucg_PowerDown
 .text.ucg_PowerUp
                0x08002e78       0x3c D:\STM32CubePrj\lib_sdk_1.0.3_nucleo_f401re\embedded-stm32-course-main\stm32-nonos-stdperiph-sdk\lib_stm\libLibraries.a(ucg_dev_msg_api.o)
                0x08002e78                ucg_PowerUp
 .text.ucg_SetClipBox
                0x08002eb4       0x1e D:\STM32CubePrj\lib_sdk_1.0.3_nucleo_f401re\embedded-stm32-course-main\stm32-nonos-stdperiph-sdk\lib_stm\libLibraries.a(ucg_dev_msg_api.o)
                0x08002eb4                ucg_SetClipBox
 .text.ucg_SetMaxClipRange
                0x08002ed2       0x30 D:\STM32CubePrj\lib_sdk_1.0.3_nucleo_f401re\embedded-stm32-course-main\stm32-nonos-stdperiph-sdk\lib_stm\libLibraries.a(ucg_dev_msg_api.o)
                0x08002ed2                ucg_SetMaxClipRange
 .text.ucg_GetDimension
                0x08002f02       0x24 D:\STM32CubePrj\lib_sdk_1.0.3_nucleo_f401re\embedded-stm32-course-main\stm32-nonos-stdperiph-sdk\lib_stm\libLibraries.a(ucg_dev_msg_api.o)
                0x08002f02                ucg_GetDimension
 .text.ucg_DrawL90FXWithArg
                0x08002f26       0x1e D:\STM32CubePrj\lib_sdk_1.0.3_nucleo_f401re\embedded-stm32-course-main\stm32-nonos-stdperiph-sdk\lib_stm\libLibraries.a(ucg_dev_msg_api.o)
                0x08002f26                ucg_DrawL90FXWithArg
 .text.ucg_dev_st7735_18x128x128
                0x08002f44       0x80 D:\STM32CubePrj\lib_sdk_1.0.3_nucleo_f401re\embedded-stm32-course-main\stm32-nonos-stdperiph-sdk\lib_stm\libLibraries.a(ucg_dev_tft_128x128_st7735.o)
                0x08002f44                ucg_dev_st7735_18x128x128
 .text.ucg_font_get_byte
                0x08002fc4       0x24 D:\STM32CubePrj\lib_sdk_1.0.3_nucleo_f401re\embedded-stm32-course-main\stm32-nonos-stdperiph-sdk\lib_stm\libLibraries.a(ucg_font.o)
 .text.ucg_font_get_word
                0x08002fe8       0x40 D:\STM32CubePrj\lib_sdk_1.0.3_nucleo_f401re\embedded-stm32-course-main\stm32-nonos-stdperiph-sdk\lib_stm\libLibraries.a(ucg_font.o)
 .text.ucg_read_font_info
                0x08003028      0x142 D:\STM32CubePrj\lib_sdk_1.0.3_nucleo_f401re\embedded-stm32-course-main\stm32-nonos-stdperiph-sdk\lib_stm\libLibraries.a(ucg_font.o)
                0x08003028                ucg_read_font_info
 .text.ucg_font_decode_get_unsigned_bits
                0x0800316a       0x96 D:\STM32CubePrj\lib_sdk_1.0.3_nucleo_f401re\embedded-stm32-course-main\stm32-nonos-stdperiph-sdk\lib_stm\libLibraries.a(ucg_font.o)
                0x0800316a                ucg_font_decode_get_unsigned_bits
 .text.ucg_font_decode_get_signed_bits
                0x08003200       0x46 D:\STM32CubePrj\lib_sdk_1.0.3_nucleo_f401re\embedded-stm32-course-main\stm32-nonos-stdperiph-sdk\lib_stm\libLibraries.a(ucg_font.o)
                0x08003200                ucg_font_decode_get_signed_bits
 .text.ucg_add_vector_y
                0x08003246       0x7a D:\STM32CubePrj\lib_sdk_1.0.3_nucleo_f401re\embedded-stm32-course-main\stm32-nonos-stdperiph-sdk\lib_stm\libLibraries.a(ucg_font.o)
 .text.ucg_add_vector_x
                0x080032c0       0x7a D:\STM32CubePrj\lib_sdk_1.0.3_nucleo_f401re\embedded-stm32-course-main\stm32-nonos-stdperiph-sdk\lib_stm\libLibraries.a(ucg_font.o)
 .text.ucg_font_decode_len
                0x0800333a      0x118 D:\STM32CubePrj\lib_sdk_1.0.3_nucleo_f401re\embedded-stm32-course-main\stm32-nonos-stdperiph-sdk\lib_stm\libLibraries.a(ucg_font.o)
                0x0800333a                ucg_font_decode_len
 .text.ucg_font_setup_decode
                0x08003452       0x64 D:\STM32CubePrj\lib_sdk_1.0.3_nucleo_f401re\embedded-stm32-course-main\stm32-nonos-stdperiph-sdk\lib_stm\libLibraries.a(ucg_font.o)
 .text.ucg_font_decode_glyph
                0x080034b6      0x14c D:\STM32CubePrj\lib_sdk_1.0.3_nucleo_f401re\embedded-stm32-course-main\stm32-nonos-stdperiph-sdk\lib_stm\libLibraries.a(ucg_font.o)
                0x080034b6                ucg_font_decode_glyph
 .text.ucg_font_get_glyph_data
                0x08003602       0x7a D:\STM32CubePrj\lib_sdk_1.0.3_nucleo_f401re\embedded-stm32-course-main\stm32-nonos-stdperiph-sdk\lib_stm\libLibraries.a(ucg_font.o)
                0x08003602                ucg_font_get_glyph_data
 .text.ucg_font_draw_glyph
                0x0800367c       0x62 D:\STM32CubePrj\lib_sdk_1.0.3_nucleo_f401re\embedded-stm32-course-main\stm32-nonos-stdperiph-sdk\lib_stm\libLibraries.a(ucg_font.o)
                0x0800367c                ucg_font_draw_glyph
 .text.ucg_SetFontMode
                0x080036de       0x20 D:\STM32CubePrj\lib_sdk_1.0.3_nucleo_f401re\embedded-stm32-course-main\stm32-nonos-stdperiph-sdk\lib_stm\libLibraries.a(ucg_font.o)
                0x080036de                ucg_SetFontMode
 *fill*         0x080036fe        0x2 
 .text.ucg_DrawGlyph
                0x08003700       0xb0 D:\STM32CubePrj\lib_sdk_1.0.3_nucleo_f401re\embedded-stm32-course-main\stm32-nonos-stdperiph-sdk\lib_stm\libLibraries.a(ucg_font.o)
                0x08003700                ucg_DrawGlyph
 .text.task_drawString
                0x080037b0      0x138 D:\STM32CubePrj\lib_sdk_1.0.3_nucleo_f401re\embedded-stm32-course-main\stm32-nonos-stdperiph-sdk\lib_stm\libLibraries.a(ucg_font.o)
                0x080037b0                task_drawString
 .text.ucg_DrawString
                0x080038e8       0x78 D:\STM32CubePrj\lib_sdk_1.0.3_nucleo_f401re\embedded-stm32-course-main\stm32-nonos-stdperiph-sdk\lib_stm\libLibraries.a(ucg_font.o)
                0x080038e8                ucg_DrawString
 .text.ucg_UpdateRefHeight
                0x08003960       0xd8 D:\STM32CubePrj\lib_sdk_1.0.3_nucleo_f401re\embedded-stm32-course-main\stm32-nonos-stdperiph-sdk\lib_stm\libLibraries.a(ucg_font.o)
                0x08003960                ucg_UpdateRefHeight
 .text.ucg_font_calc_vref_font
                0x08003a38       0x16 D:\STM32CubePrj\lib_sdk_1.0.3_nucleo_f401re\embedded-stm32-course-main\stm32-nonos-stdperiph-sdk\lib_stm\libLibraries.a(ucg_font.o)
                0x08003a38                ucg_font_calc_vref_font
 *fill*         0x08003a4e        0x2 
 .text.ucg_SetFontPosBaseline
                0x08003a50       0x20 D:\STM32CubePrj\lib_sdk_1.0.3_nucleo_f401re\embedded-stm32-course-main\stm32-nonos-stdperiph-sdk\lib_stm\libLibraries.a(ucg_font.o)
                0x08003a50                ucg_SetFontPosBaseline
 .text.ucg_SetFont
                0x08003a70       0x4c D:\STM32CubePrj\lib_sdk_1.0.3_nucleo_f401re\embedded-stm32-course-main\stm32-nonos-stdperiph-sdk\lib_stm\libLibraries.a(ucg_font.o)
                0x08003a70                ucg_SetFont
 .text.ucg_init_struct
                0x08003abc       0x50 D:\STM32CubePrj\lib_sdk_1.0.3_nucleo_f401re\embedded-stm32-course-main\stm32-nonos-stdperiph-sdk\lib_stm\libLibraries.a(ucg_init.o)
                0x08003abc                ucg_init_struct
 .text.ucg_Init
                0x08003b0c       0x5c D:\STM32CubePrj\lib_sdk_1.0.3_nucleo_f401re\embedded-stm32-course-main\stm32-nonos-stdperiph-sdk\lib_stm\libLibraries.a(ucg_init.o)
                0x08003b0c                ucg_Init
 .text.ucg_Draw90Line
                0x08003b68       0x88 D:\STM32CubePrj\lib_sdk_1.0.3_nucleo_f401re\embedded-stm32-course-main\stm32-nonos-stdperiph-sdk\lib_stm\libLibraries.a(ucg_line.o)
                0x08003b68                ucg_Draw90Line
 .text.ucg_DrawHLine
                0x08003bf0       0x3e D:\STM32CubePrj\lib_sdk_1.0.3_nucleo_f401re\embedded-stm32-course-main\stm32-nonos-stdperiph-sdk\lib_stm\libLibraries.a(ucg_line.o)
                0x08003bf0                ucg_DrawHLine
 .text.ucg_DrawVLine
                0x08003c2e       0x3e D:\STM32CubePrj\lib_sdk_1.0.3_nucleo_f401re\embedded-stm32-course-main\stm32-nonos-stdperiph-sdk\lib_stm\libLibraries.a(ucg_line.o)
                0x08003c2e                ucg_DrawVLine
 .text.ucg_SetColor
                0x08003c6c       0x5c D:\STM32CubePrj\lib_sdk_1.0.3_nucleo_f401re\embedded-stm32-course-main\stm32-nonos-stdperiph-sdk\lib_stm\libLibraries.a(ucg_pixel.o)
                0x08003c6c                ucg_SetColor
 .text.pge_Next
                0x08003cc8       0xae D:\STM32CubePrj\lib_sdk_1.0.3_nucleo_f401re\embedded-stm32-course-main\stm32-nonos-stdperiph-sdk\lib_stm\libLibraries.a(ucg_polygon.o)
 .text.pge_Init
                0x08003d76       0xbc D:\STM32CubePrj\lib_sdk_1.0.3_nucleo_f401re\embedded-stm32-course-main\stm32-nonos-stdperiph-sdk\lib_stm\libLibraries.a(ucg_polygon.o)
 .text.pg_inc   0x08003e32       0x2e D:\STM32CubePrj\lib_sdk_1.0.3_nucleo_f401re\embedded-stm32-course-main\stm32-nonos-stdperiph-sdk\lib_stm\libLibraries.a(ucg_polygon.o)
 .text.pg_dec   0x08003e60       0x32 D:\STM32CubePrj\lib_sdk_1.0.3_nucleo_f401re\embedded-stm32-course-main\stm32-nonos-stdperiph-sdk\lib_stm\libLibraries.a(ucg_polygon.o)
 .text.pg_expand_min_y
                0x08003e92       0x76 D:\STM32CubePrj\lib_sdk_1.0.3_nucleo_f401re\embedded-stm32-course-main\stm32-nonos-stdperiph-sdk\lib_stm\libLibraries.a(ucg_polygon.o)
 .text.pg_prepare
                0x08003f08      0x138 D:\STM32CubePrj\lib_sdk_1.0.3_nucleo_f401re\embedded-stm32-course-main\stm32-nonos-stdperiph-sdk\lib_stm\libLibraries.a(ucg_polygon.o)
 .text.pg_hline
                0x08004040       0xfa D:\STM32CubePrj\lib_sdk_1.0.3_nucleo_f401re\embedded-stm32-course-main\stm32-nonos-stdperiph-sdk\lib_stm\libLibraries.a(ucg_polygon.o)
 .text.pg_line_init
                0x0800413a       0x8a D:\STM32CubePrj\lib_sdk_1.0.3_nucleo_f401re\embedded-stm32-course-main\stm32-nonos-stdperiph-sdk\lib_stm\libLibraries.a(ucg_polygon.o)
 .text.pg_exec  0x080041c4       0x94 D:\STM32CubePrj\lib_sdk_1.0.3_nucleo_f401re\embedded-stm32-course-main\stm32-nonos-stdperiph-sdk\lib_stm\libLibraries.a(ucg_polygon.o)
 .text.pg_ClearPolygonXY
                0x08004258       0x1a D:\STM32CubePrj\lib_sdk_1.0.3_nucleo_f401re\embedded-stm32-course-main\stm32-nonos-stdperiph-sdk\lib_stm\libLibraries.a(ucg_polygon.o)
                0x08004258                pg_ClearPolygonXY
 .text.pg_AddPolygonXY
                0x08004272       0x52 D:\STM32CubePrj\lib_sdk_1.0.3_nucleo_f401re\embedded-stm32-course-main\stm32-nonos-stdperiph-sdk\lib_stm\libLibraries.a(ucg_polygon.o)
                0x08004272                pg_AddPolygonXY
 .text.pg_DrawPolygon
                0x080042c4       0x28 D:\STM32CubePrj\lib_sdk_1.0.3_nucleo_f401re\embedded-stm32-course-main\stm32-nonos-stdperiph-sdk\lib_stm\libLibraries.a(ucg_polygon.o)
                0x080042c4                pg_DrawPolygon
 .text.ucg_ClearPolygonXY
                0x080042ec       0x14 D:\STM32CubePrj\lib_sdk_1.0.3_nucleo_f401re\embedded-stm32-course-main\stm32-nonos-stdperiph-sdk\lib_stm\libLibraries.a(ucg_polygon.o)
                0x080042ec                ucg_ClearPolygonXY
 .text.ucg_AddPolygonXY
                0x08004300       0x2c D:\STM32CubePrj\lib_sdk_1.0.3_nucleo_f401re\embedded-stm32-course-main\stm32-nonos-stdperiph-sdk\lib_stm\libLibraries.a(ucg_polygon.o)
                0x08004300                ucg_AddPolygonXY
 .text.ucg_DrawPolygon
                0x0800432c       0x1c D:\STM32CubePrj\lib_sdk_1.0.3_nucleo_f401re\embedded-stm32-course-main\stm32-nonos-stdperiph-sdk\lib_stm\libLibraries.a(ucg_polygon.o)
                0x0800432c                ucg_DrawPolygon
 .text.ucg_DrawTriangle
                0x08004348       0x5c D:\STM32CubePrj\lib_sdk_1.0.3_nucleo_f401re\embedded-stm32-course-main\stm32-nonos-stdperiph-sdk\lib_stm\libLibraries.a(ucg_polygon.o)
                0x08004348                ucg_DrawTriangle
 .text.ucg_UndoRotate
                0x080043a4       0x32 D:\STM32CubePrj\lib_sdk_1.0.3_nucleo_f401re\embedded-stm32-course-main\stm32-nonos-stdperiph-sdk\lib_stm\libLibraries.a(ucg_rotate.o)
                0x080043a4                ucg_UndoRotate
 .text.ucg_rotate_180_xy
                0x080043d6       0x66 D:\STM32CubePrj\lib_sdk_1.0.3_nucleo_f401re\embedded-stm32-course-main\stm32-nonos-stdperiph-sdk\lib_stm\libLibraries.a(ucg_rotate.o)
 .text.ucg_dev_rotate180
                0x0800443c      0x100 D:\STM32CubePrj\lib_sdk_1.0.3_nucleo_f401re\embedded-stm32-course-main\stm32-nonos-stdperiph-sdk\lib_stm\libLibraries.a(ucg_rotate.o)
                0x0800443c                ucg_dev_rotate180
 .text.ucg_SetRotate180
                0x0800453c       0x34 D:\STM32CubePrj\lib_sdk_1.0.3_nucleo_f401re\embedded-stm32-course-main\stm32-nonos-stdperiph-sdk\lib_stm\libLibraries.a(ucg_rotate.o)
                0x0800453c                ucg_SetRotate180
 .text.memsetl  0x08004570       0x32 D:\STM32CubePrj\lib_sdk_1.0.3_nucleo_f401re\embedded-stm32-course-main\stm32-nonos-stdperiph-sdk\lib_stm\libLibraries.a(utilities.o)
                0x08004570                memsetl
 .text.ucg_clip_is_x_visible
                0x080045a2       0x4a D:\STM32CubePrj\lib_sdk_1.0.3_nucleo_f401re\embedded-stm32-course-main\stm32-nonos-stdperiph-sdk\lib_stm\libLibraries.a(ucg_clip.o)
 .text.ucg_clip_is_y_visible
                0x080045ec       0x4a D:\STM32CubePrj\lib_sdk_1.0.3_nucleo_f401re\embedded-stm32-course-main\stm32-nonos-stdperiph-sdk\lib_stm\libLibraries.a(ucg_clip.o)
 .text.ucg_clip_intersection
                0x08004636       0x74 D:\STM32CubePrj\lib_sdk_1.0.3_nucleo_f401re\embedded-stm32-course-main\stm32-nonos-stdperiph-sdk\lib_stm\libLibraries.a(ucg_clip.o)
 .text.ucg_clip_is_pixel_visible
                0x080046aa       0x32 D:\STM32CubePrj\lib_sdk_1.0.3_nucleo_f401re\embedded-stm32-course-main\stm32-nonos-stdperiph-sdk\lib_stm\libLibraries.a(ucg_clip.o)
                0x080046aa                ucg_clip_is_pixel_visible
 .text.ucg_clip_l90fx
                0x080046dc      0x300 D:\STM32CubePrj\lib_sdk_1.0.3_nucleo_f401re\embedded-stm32-course-main\stm32-nonos-stdperiph-sdk\lib_stm\libLibraries.a(ucg_clip.o)
                0x080046dc                ucg_clip_l90fx
 .text.ucg_clip_l90se
                0x080049dc       0x54 D:\STM32CubePrj\lib_sdk_1.0.3_nucleo_f401re\embedded-stm32-course-main\stm32-nonos-stdperiph-sdk\lib_stm\libLibraries.a(ucg_clip.o)
                0x080049dc                ucg_clip_l90se
 .text.ucg_com_PowerDown
                0x08004a30       0x3e D:\STM32CubePrj\lib_sdk_1.0.3_nucleo_f401re\embedded-stm32-course-main\stm32-nonos-stdperiph-sdk\lib_stm\libLibraries.a(ucg_com_msg_api.o)
                0x08004a30                ucg_com_PowerDown
 .text.ucg_com_PowerUp
                0x08004a6e       0x60 D:\STM32CubePrj\lib_sdk_1.0.3_nucleo_f401re\embedded-stm32-course-main\stm32-nonos-stdperiph-sdk\lib_stm\libLibraries.a(ucg_com_msg_api.o)
                0x08004a6e                ucg_com_PowerUp
 .text.ucg_com_SetLineStatus
                0x08004ace       0xe2 D:\STM32CubePrj\lib_sdk_1.0.3_nucleo_f401re\embedded-stm32-course-main\stm32-nonos-stdperiph-sdk\lib_stm\libLibraries.a(ucg_com_msg_api.o)
                0x08004ace                ucg_com_SetLineStatus
 .text.ucg_com_SetResetLineStatus
                0x08004bb0       0x20 D:\STM32CubePrj\lib_sdk_1.0.3_nucleo_f401re\embedded-stm32-course-main\stm32-nonos-stdperiph-sdk\lib_stm\libLibraries.a(ucg_com_msg_api.o)
                0x08004bb0                ucg_com_SetResetLineStatus
 .text.ucg_com_SetCSLineStatus
                0x08004bd0       0x20 D:\STM32CubePrj\lib_sdk_1.0.3_nucleo_f401re\embedded-stm32-course-main\stm32-nonos-stdperiph-sdk\lib_stm\libLibraries.a(ucg_com_msg_api.o)
                0x08004bd0                ucg_com_SetCSLineStatus
 .text.ucg_com_SetCDLineStatus
                0x08004bf0       0x20 D:\STM32CubePrj\lib_sdk_1.0.3_nucleo_f401re\embedded-stm32-course-main\stm32-nonos-stdperiph-sdk\lib_stm\libLibraries.a(ucg_com_msg_api.o)
                0x08004bf0                ucg_com_SetCDLineStatus
 .text.ucg_com_DelayMicroseconds
                0x08004c10       0x22 D:\STM32CubePrj\lib_sdk_1.0.3_nucleo_f401re\embedded-stm32-course-main\stm32-nonos-stdperiph-sdk\lib_stm\libLibraries.a(ucg_com_msg_api.o)
                0x08004c10                ucg_com_DelayMicroseconds
 .text.ucg_com_DelayMilliseconds
                0x08004c32       0x2c D:\STM32CubePrj\lib_sdk_1.0.3_nucleo_f401re\embedded-stm32-course-main\stm32-nonos-stdperiph-sdk\lib_stm\libLibraries.a(ucg_com_msg_api.o)
                0x08004c32                ucg_com_DelayMilliseconds
 .text.ucg_com_SendByte
                0x08004c5e       0x24 D:\STM32CubePrj\lib_sdk_1.0.3_nucleo_f401re\embedded-stm32-course-main\stm32-nonos-stdperiph-sdk\lib_stm\libLibraries.a(ucg_com_msg_api.o)
                0x08004c5e                ucg_com_SendByte
 .text.ucg_com_SendStringP
                0x08004c82       0x40 D:\STM32CubePrj\lib_sdk_1.0.3_nucleo_f401re\embedded-stm32-course-main\stm32-nonos-stdperiph-sdk\lib_stm\libLibraries.a(ucg_com_msg_api.o)
                0x08004c82                ucg_com_SendStringP
 .text.ucg_com_SendCmdArg
                0x08004cc2       0x74 D:\STM32CubePrj\lib_sdk_1.0.3_nucleo_f401re\embedded-stm32-course-main\stm32-nonos-stdperiph-sdk\lib_stm\libLibraries.a(ucg_com_msg_api.o)
 *fill*         0x08004d36        0x2 
 .text.ucg_com_SendCmdSeq
                0x08004d38      0x278 D:\STM32CubePrj\lib_sdk_1.0.3_nucleo_f401re\embedded-stm32-course-main\stm32-nonos-stdperiph-sdk\lib_stm\libLibraries.a(ucg_com_msg_api.o)
                0x08004d38                ucg_com_SendCmdSeq
 .text.sprintf  0x08004fb0       0x44 C:/ST/STM32CubeIDE_1.19.0/STM32CubeIDE/plugins/com.st.stm32cube.ide.mcu.externaltools.gnu-tools-for-stm32.13.3.rel1.win32_1.0.0.202411081344/tools/bin/../lib/gcc/arm-none-eabi/13.3.1/../../../../arm-none-eabi/lib/thumb/v7e-m+fp/hard\libc_nano.a(libc_a-sprintf.o)
                0x08004fb0                siprintf
                0x08004fb0                sprintf
 .text.memset   0x08004ff4       0x10 C:/ST/STM32CubeIDE_1.19.0/STM32CubeIDE/plugins/com.st.stm32cube.ide.mcu.externaltools.gnu-tools-for-stm32.13.3.rel1.win32_1.0.0.202411081344/tools/bin/../lib/gcc/arm-none-eabi/13.3.1/../../../../arm-none-eabi/lib/thumb/v7e-m+fp/hard\libc_nano.a(libc_a-memset.o)
                0x08004ff4                memset
 .text.__errno  0x08005004        0xc C:/ST/STM32CubeIDE_1.19.0/STM32CubeIDE/plugins/com.st.stm32cube.ide.mcu.externaltools.gnu-tools-for-stm32.13.3.rel1.win32_1.0.0.202411081344/tools/bin/../lib/gcc/arm-none-eabi/13.3.1/../../../../arm-none-eabi/lib/thumb/v7e-m+fp/hard\libc_nano.a(libc_a-errno.o)
                0x08005004                __errno
 .text.__libc_init_array
                0x08005010       0x48 C:/ST/STM32CubeIDE_1.19.0/STM32CubeIDE/plugins/com.st.stm32cube.ide.mcu.externaltools.gnu-tools-for-stm32.13.3.rel1.win32_1.0.0.202411081344/tools/bin/../lib/gcc/arm-none-eabi/13.3.1/../../../../arm-none-eabi/lib/thumb/v7e-m+fp/hard\libc_nano.a(libc_a-init.o)
                0x08005010                __libc_init_array
 .text.__retarget_lock_acquire_recursive
                0x08005058        0x2 C:/ST/STM32CubeIDE_1.19.0/STM32CubeIDE/plugins/com.st.stm32cube.ide.mcu.externaltools.gnu-tools-for-stm32.13.3.rel1.win32_1.0.0.202411081344/tools/bin/../lib/gcc/arm-none-eabi/13.3.1/../../../../arm-none-eabi/lib/thumb/v7e-m+fp/hard\libc_nano.a(libc_a-lock.o)
                0x08005058                __retarget_lock_acquire_recursive
 .text.__retarget_lock_release_recursive
                0x0800505a        0x2 C:/ST/STM32CubeIDE_1.19.0/STM32CubeIDE/plugins/com.st.stm32cube.ide.mcu.externaltools.gnu-tools-for-stm32.13.3.rel1.win32_1.0.0.202411081344/tools/bin/../lib/gcc/arm-none-eabi/13.3.1/../../../../arm-none-eabi/lib/thumb/v7e-m+fp/hard\libc_nano.a(libc_a-lock.o)
                0x0800505a                __retarget_lock_release_recursive
 .text._free_r  0x0800505c       0x94 C:/ST/STM32CubeIDE_1.19.0/STM32CubeIDE/plugins/com.st.stm32cube.ide.mcu.externaltools.gnu-tools-for-stm32.13.3.rel1.win32_1.0.0.202411081344/tools/bin/../lib/gcc/arm-none-eabi/13.3.1/../../../../arm-none-eabi/lib/thumb/v7e-m+fp/hard\libc_nano.a(libc_a-freer.o)
                0x0800505c                _free_r
 .text.sbrk_aligned
                0x080050f0       0x44 C:/ST/STM32CubeIDE_1.19.0/STM32CubeIDE/plugins/com.st.stm32cube.ide.mcu.externaltools.gnu-tools-for-stm32.13.3.rel1.win32_1.0.0.202411081344/tools/bin/../lib/gcc/arm-none-eabi/13.3.1/../../../../arm-none-eabi/lib/thumb/v7e-m+fp/hard\libc_nano.a(libc_a-mallocr.o)
 .text._malloc_r
                0x08005134      0x100 C:/ST/STM32CubeIDE_1.19.0/STM32CubeIDE/plugins/com.st.stm32cube.ide.mcu.externaltools.gnu-tools-for-stm32.13.3.rel1.win32_1.0.0.202411081344/tools/bin/../lib/gcc/arm-none-eabi/13.3.1/../../../../arm-none-eabi/lib/thumb/v7e-m+fp/hard\libc_nano.a(libc_a-mallocr.o)
                0x08005134                _malloc_r
 .text.__malloc_lock
                0x08005234        0xc C:/ST/STM32CubeIDE_1.19.0/STM32CubeIDE/plugins/com.st.stm32cube.ide.mcu.externaltools.gnu-tools-for-stm32.13.3.rel1.win32_1.0.0.202411081344/tools/bin/../lib/gcc/arm-none-eabi/13.3.1/../../../../arm-none-eabi/lib/thumb/v7e-m+fp/hard\libc_nano.a(libc_a-mlock.o)
                0x08005234                __malloc_lock
 .text.__malloc_unlock
                0x08005240        0xc C:/ST/STM32CubeIDE_1.19.0/STM32CubeIDE/plugins/com.st.stm32cube.ide.mcu.externaltools.gnu-tools-for-stm32.13.3.rel1.win32_1.0.0.202411081344/tools/bin/../lib/gcc/arm-none-eabi/13.3.1/../../../../arm-none-eabi/lib/thumb/v7e-m+fp/hard\libc_nano.a(libc_a-mlock.o)
                0x08005240                __malloc_unlock
 .text.__ssputs_r
                0x0800524c       0xb6 C:/ST/STM32CubeIDE_1.19.0/STM32CubeIDE/plugins/com.st.stm32cube.ide.mcu.externaltools.gnu-tools-for-stm32.13.3.rel1.win32_1.0.0.202411081344/tools/bin/../lib/gcc/arm-none-eabi/13.3.1/../../../../arm-none-eabi/lib/thumb/v7e-m+fp/hard\libc_nano.a(libc_a-nano-svfprintf.o)
                0x0800524c                __ssputs_r
 *fill*         0x08005302        0x2 
 .text._svfprintf_r
                0x08005304      0x1f8 C:/ST/STM32CubeIDE_1.19.0/STM32CubeIDE/plugins/com.st.stm32cube.ide.mcu.externaltools.gnu-tools-for-stm32.13.3.rel1.win32_1.0.0.202411081344/tools/bin/../lib/gcc/arm-none-eabi/13.3.1/../../../../arm-none-eabi/lib/thumb/v7e-m+fp/hard\libc_nano.a(libc_a-nano-svfprintf.o)
                0x08005304                _svfiprintf_r
                0x08005304                _svfprintf_r
 .text._printf_common
                0x080054fc       0xda C:/ST/STM32CubeIDE_1.19.0/STM32CubeIDE/plugins/com.st.stm32cube.ide.mcu.externaltools.gnu-tools-for-stm32.13.3.rel1.win32_1.0.0.202411081344/tools/bin/../lib/gcc/arm-none-eabi/13.3.1/../../../../arm-none-eabi/lib/thumb/v7e-m+fp/hard\libc_nano.a(libc_a-nano-vfprintf_i.o)
                0x080054fc                _printf_common
 *fill*         0x080055d6        0x2 
 .text._printf_i
                0x080055d8      0x23c C:/ST/STM32CubeIDE_1.19.0/STM32CubeIDE/plugins/com.st.stm32cube.ide.mcu.externaltools.gnu-tools-for-stm32.13.3.rel1.win32_1.0.0.202411081344/tools/bin/../lib/gcc/arm-none-eabi/13.3.1/../../../../arm-none-eabi/lib/thumb/v7e-m+fp/hard\libc_nano.a(libc_a-nano-vfprintf_i.o)
                0x080055d8                _printf_i
 .text.memmove  0x08005814       0x34 C:/ST/STM32CubeIDE_1.19.0/STM32CubeIDE/plugins/com.st.stm32cube.ide.mcu.externaltools.gnu-tools-for-stm32.13.3.rel1.win32_1.0.0.202411081344/tools/bin/../lib/gcc/arm-none-eabi/13.3.1/../../../../arm-none-eabi/lib/thumb/v7e-m+fp/hard\libc_nano.a(libc_a-memmove.o)
                0x08005814                memmove
 .text._sbrk_r  0x08005848       0x20 C:/ST/STM32CubeIDE_1.19.0/STM32CubeIDE/plugins/com.st.stm32cube.ide.mcu.externaltools.gnu-tools-for-stm32.13.3.rel1.win32_1.0.0.202411081344/tools/bin/../lib/gcc/arm-none-eabi/13.3.1/../../../../arm-none-eabi/lib/thumb/v7e-m+fp/hard\libc_nano.a(libc_a-sbrkr.o)
                0x08005848                _sbrk_r
 .text.memcpy   0x08005868       0x1c C:/ST/STM32CubeIDE_1.19.0/STM32CubeIDE/plugins/com.st.stm32cube.ide.mcu.externaltools.gnu-tools-for-stm32.13.3.rel1.win32_1.0.0.202411081344/tools/bin/../lib/gcc/arm-none-eabi/13.3.1/../../../../arm-none-eabi/lib/thumb/v7e-m+fp/hard\libc_nano.a(libc_a-memcpy-stub.o)
                0x08005868                memcpy
 .text._realloc_r
                0x08005884       0x5c C:/ST/STM32CubeIDE_1.19.0/STM32CubeIDE/plugins/com.st.stm32cube.ide.mcu.externaltools.gnu-tools-for-stm32.13.3.rel1.win32_1.0.0.202411081344/tools/bin/../lib/gcc/arm-none-eabi/13.3.1/../../../../arm-none-eabi/lib/thumb/v7e-m+fp/hard\libc_nano.a(libc_a-reallocr.o)
                0x08005884                _realloc_r
 .text._malloc_usable_size_r
                0x080058e0       0x10 C:/ST/STM32CubeIDE_1.19.0/STM32CubeIDE/plugins/com.st.stm32cube.ide.mcu.externaltools.gnu-tools-for-stm32.13.3.rel1.win32_1.0.0.202411081344/tools/bin/../lib/gcc/arm-none-eabi/13.3.1/../../../../arm-none-eabi/lib/thumb/v7e-m+fp/hard\libc_nano.a(libc_a-msizer.o)
                0x080058e0                _malloc_usable_size_r
 *(.glue_7)
 .glue_7        0x080058f0        0x0 linker stubs
 *(.glue_7t)
 .glue_7t       0x080058f0        0x0 linker stubs
 *(.eh_frame)
 .eh_frame      0x080058f0        0x0 C:/ST/STM32CubeIDE_1.19.0/STM32CubeIDE/plugins/com.st.stm32cube.ide.mcu.externaltools.gnu-tools-for-stm32.13.3.rel1.win32_1.0.0.202411081344/tools/bin/../lib/gcc/arm-none-eabi/13.3.1/thumb/v7e-m+fp/hard/crtbegin.o
 *(.init)
 .init          0x080058f0        0x4 C:/ST/STM32CubeIDE_1.19.0/STM32CubeIDE/plugins/com.st.stm32cube.ide.mcu.externaltools.gnu-tools-for-stm32.13.3.rel1.win32_1.0.0.202411081344/tools/bin/../lib/gcc/arm-none-eabi/13.3.1/thumb/v7e-m+fp/hard/crti.o
                0x080058f0                _init
 .init          0x080058f4        0x8 C:/ST/STM32CubeIDE_1.19.0/STM32CubeIDE/plugins/com.st.stm32cube.ide.mcu.externaltools.gnu-tools-for-stm32.13.3.rel1.win32_1.0.0.202411081344/tools/bin/../lib/gcc/arm-none-eabi/13.3.1/thumb/v7e-m+fp/hard/crtn.o
 *(.fini)
 .fini          0x080058fc        0x4 C:/ST/STM32CubeIDE_1.19.0/STM32CubeIDE/plugins/com.st.stm32cube.ide.mcu.externaltools.gnu-tools-for-stm32.13.3.rel1.win32_1.0.0.202411081344/tools/bin/../lib/gcc/arm-none-eabi/13.3.1/thumb/v7e-m+fp/hard/crti.o
                0x080058fc                _fini
 .fini          0x08005900        0x8 C:/ST/STM32CubeIDE_1.19.0/STM32CubeIDE/plugins/com.st.stm32cube.ide.mcu.externaltools.gnu-tools-for-stm32.13.3.rel1.win32_1.0.0.202411081344/tools/bin/../lib/gcc/arm-none-eabi/13.3.1/thumb/v7e-m+fp/hard/crtn.o
                0x08005908                        . = ALIGN (0x4)
                0x08005908                        _etext = .

.vfp11_veneer   0x08005908        0x0
 .vfp11_veneer  0x08005908        0x0 linker stubs

.v4_bx          0x08005908        0x0
 .v4_bx         0x08005908        0x0 linker stubs

.iplt           0x08005908        0x0
 .iplt          0x08005908        0x0 C:/ST/STM32CubeIDE_1.19.0/STM32CubeIDE/plugins/com.st.stm32cube.ide.mcu.externaltools.gnu-tools-for-stm32.13.3.rel1.win32_1.0.0.202411081344/tools/bin/../lib/gcc/arm-none-eabi/13.3.1/thumb/v7e-m+fp/hard/crtbegin.o

.rodata         0x08005908     0x2058
                0x08005908                        . = ALIGN (0x4)
 *(.rodata)
 .rodata        0x08005908       0x1a ./Src/game/menu_ui.o
 *fill*         0x08005922        0x2 
 .rodata        0x08005924       0x2a ./Src/game/run_game.o
 *fill*         0x0800594e        0x2 
 .rodata        0x08005950        0x1 D:\STM32CubePrj\lib_sdk_1.0.3_nucleo_f401re\embedded-stm32-course-main\stm32-nonos-stdperiph-sdk\lib_stm\libLibraries.a(button.o)
 *fill*         0x08005951        0x3 
 .rodata        0x08005954        0xf D:\STM32CubePrj\lib_sdk_1.0.3_nucleo_f401re\embedded-stm32-course-main\stm32-nonos-stdperiph-sdk\lib_stm\libLibraries.a(ucg_font.o)
 *(.rodata*)
 *fill*         0x08005963        0x1 
 .rodata.LEVELS
                0x08005964        0x9 ./Src/game/levels.o
                0x08005964                LEVELS
 *fill*         0x0800596d        0x3 
 .rodata.ucg_st7735_set_pos_seq
                0x08005970       0x1e D:\STM32CubePrj\lib_sdk_1.0.3_nucleo_f401re\embedded-stm32-course-main\stm32-nonos-stdperiph-sdk\lib_stm\libLibraries.a(ucg_dev_ic_st7735.o)
                0x08005970                ucg_st7735_set_pos_seq
 *fill*         0x0800598e        0x2 
 .rodata.ucg_st7735_set_pos_dir0_seq
                0x08005990       0x1e D:\STM32CubePrj\lib_sdk_1.0.3_nucleo_f401re\embedded-stm32-course-main\stm32-nonos-stdperiph-sdk\lib_stm\libLibraries.a(ucg_dev_ic_st7735.o)
                0x08005990                ucg_st7735_set_pos_dir0_seq
 *fill*         0x080059ae        0x2 
 .rodata.ucg_st7735_set_pos_dir1_seq
                0x080059b0       0x21 D:\STM32CubePrj\lib_sdk_1.0.3_nucleo_f401re\embedded-stm32-course-main\stm32-nonos-stdperiph-sdk\lib_stm\libLibraries.a(ucg_dev_ic_st7735.o)
                0x080059b0                ucg_st7735_set_pos_dir1_seq
 *fill*         0x080059d1        0x3 
 .rodata.ucg_st7735_set_pos_dir2_seq
                0x080059d4       0x21 D:\STM32CubePrj\lib_sdk_1.0.3_nucleo_f401re\embedded-stm32-course-main\stm32-nonos-stdperiph-sdk\lib_stm\libLibraries.a(ucg_dev_ic_st7735.o)
                0x080059d4                ucg_st7735_set_pos_dir2_seq
 *fill*         0x080059f5        0x3 
 .rodata.ucg_st7735_set_pos_dir3_seq
                0x080059f8       0x24 D:\STM32CubePrj\lib_sdk_1.0.3_nucleo_f401re\embedded-stm32-course-main\stm32-nonos-stdperiph-sdk\lib_stm\libLibraries.a(ucg_dev_ic_st7735.o)
                0x080059f8                ucg_st7735_set_pos_dir3_seq
 .rodata.ucg_st7735_power_down_seq
                0x08005a1c        0x7 D:\STM32CubePrj\lib_sdk_1.0.3_nucleo_f401re\embedded-stm32-course-main\stm32-nonos-stdperiph-sdk\lib_stm\libLibraries.a(ucg_dev_ic_st7735.o)
 *fill*         0x08005a23        0x1 
 .rodata.ucg_tft_128x160_st7735_init_seq
                0x08005a24       0x2c D:\STM32CubePrj\lib_sdk_1.0.3_nucleo_f401re\embedded-stm32-course-main\stm32-nonos-stdperiph-sdk\lib_stm\libLibraries.a(ucg_dev_tft_128x128_st7735.o)
 .rodata.ucg_font_helvB08_tr
                0x08005a50      0x41e D:\STM32CubePrj\lib_sdk_1.0.3_nucleo_f401re\embedded-stm32-course-main\stm32-nonos-stdperiph-sdk\lib_stm\libLibraries.a(ucg_pixel_font_data.o)
                0x08005a50                ucg_font_helvB08_tr
 *fill*         0x08005e6e        0x2 
 .rodata.ucg_font_helvB10_tr
                0x08005e70      0x53b D:\STM32CubePrj\lib_sdk_1.0.3_nucleo_f401re\embedded-stm32-course-main\stm32-nonos-stdperiph-sdk\lib_stm\libLibraries.a(ucg_pixel_font_data.o)
                0x08005e70                ucg_font_helvB10_tr
 *fill*         0x080063ab        0x1 
 .rodata.ucg_font_helvR08_tf
                0x080063ac      0x88b D:\STM32CubePrj\lib_sdk_1.0.3_nucleo_f401re\embedded-stm32-course-main\stm32-nonos-stdperiph-sdk\lib_stm\libLibraries.a(ucg_pixel_font_data.o)
                0x080063ac                ucg_font_helvR08_tf
 *fill*         0x08006c37        0x1 
 .rodata.ucg_font_helvR12_tf
                0x08006c38      0xcf4 D:\STM32CubePrj\lib_sdk_1.0.3_nucleo_f401re\embedded-stm32-course-main\stm32-nonos-stdperiph-sdk\lib_stm\libLibraries.a(ucg_pixel_font_data.o)
                0x08006c38                ucg_font_helvR12_tf
 .rodata._svfprintf_r.str1.1
                0x0800792c       0x33 C:/ST/STM32CubeIDE_1.19.0/STM32CubeIDE/plugins/com.st.stm32cube.ide.mcu.externaltools.gnu-tools-for-stm32.13.3.rel1.win32_1.0.0.202411081344/tools/bin/../lib/gcc/arm-none-eabi/13.3.1/../../../../arm-none-eabi/lib/thumb/v7e-m+fp/hard\libc_nano.a(libc_a-nano-svfprintf.o)
                                 0x11 (size before relaxing)
 .rodata._printf_i.str1.1
                0x0800795f       0x22 C:/ST/STM32CubeIDE_1.19.0/STM32CubeIDE/plugins/com.st.stm32cube.ide.mcu.externaltools.gnu-tools-for-stm32.13.3.rel1.win32_1.0.0.202411081344/tools/bin/../lib/gcc/arm-none-eabi/13.3.1/../../../../arm-none-eabi/lib/thumb/v7e-m+fp/hard\libc_nano.a(libc_a-nano-vfprintf_i.o)
                0x08007984                        . = ALIGN (0x4)
 *fill*         0x0800795f        0x1 

.ARM.extab      0x08007960        0x0
                0x08007960                        . = ALIGN (0x4)
 *(.ARM.extab* .gnu.linkonce.armextab.*)
                0x08007960                        . = ALIGN (0x4)

.ARM            0x08007960        0x8
                0x08007960                        . = ALIGN (0x4)
                0x08007960                        __exidx_start = .
 *(.ARM.exidx*)
 .ARM.exidx     0x08007960        0x8 C:/ST/STM32CubeIDE_1.19.0/STM32CubeIDE/plugins/com.st.stm32cube.ide.mcu.externaltools.gnu-tools-for-stm32.13.3.rel1.win32_1.0.0.202411081344/tools/bin/../lib/gcc/arm-none-eabi/13.3.1/../../../../arm-none-eabi/lib/thumb/v7e-m+fp/hard\libc_nano.a(libc_a-memchr.o)
                0x08007968                        __exidx_end = .
                0x08007968                        . = ALIGN (0x4)

.preinit_array  0x08007968        0x0
                0x08007968                        . = ALIGN (0x4)
                0x08007968                        PROVIDE (__preinit_array_start = .)
 *(.preinit_array*)
                0x08007968                        PROVIDE (__preinit_array_end = .)
                0x08007968                        . = ALIGN (0x4)

.init_array     0x08007968        0x4
                0x08007968                        . = ALIGN (0x4)
                0x08007968                        PROVIDE (__init_array_start = .)
 *(SORT_BY_NAME(.init_array.*))
 *(.init_array*)
 .init_array    0x08007968        0x4 C:/ST/STM32CubeIDE_1.19.0/STM32CubeIDE/plugins/com.st.stm32cube.ide.mcu.externaltools.gnu-tools-for-stm32.13.3.rel1.win32_1.0.0.202411081344/tools/bin/../lib/gcc/arm-none-eabi/13.3.1/thumb/v7e-m+fp/hard/crtbegin.o
                0x0800796c                        PROVIDE (__init_array_end = .)
                0x0800796c                        . = ALIGN (0x4)

.fini_array     0x0800796c        0x4
                0x0800796c                        . = ALIGN (0x4)
                [!provide]                        PROVIDE (__fini_array_start = .)
 *(SORT_BY_NAME(.fini_array.*))
 *(.fini_array*)
 .fini_array    0x0800796c        0x4 C:/ST/STM32CubeIDE_1.19.0/STM32CubeIDE/plugins/com.st.stm32cube.ide.mcu.externaltools.gnu-tools-for-stm32.13.3.rel1.win32_1.0.0.202411081344/tools/bin/../lib/gcc/arm-none-eabi/13.3.1/thumb/v7e-m+fp/hard/crtbegin.o
                [!provide]                        PROVIDE (__fini_array_end = .)
                0x08007970                        . = ALIGN (0x4)
                0x08007970                        _sidata = LOADADDR (.data)

.rel.dyn        0x08007970        0x0
 .rel.iplt      0x08007970        0x0 C:/ST/STM32CubeIDE_1.19.0/STM32CubeIDE/plugins/com.st.stm32cube.ide.mcu.externaltools.gnu-tools-for-stm32.13.3.rel1.win32_1.0.0.202411081344/tools/bin/../lib/gcc/arm-none-eabi/13.3.1/thumb/v7e-m+fp/hard/crtbegin.o

.data           0x20000000       0xb0 load address 0x08007970
                0x20000000                        . = ALIGN (0x4)
                0x20000000                        _sdata = .
 *(.data)
 *(.data*)
 .data.current_level
                0x20000000        0x1 ./Src/game/levels.o
                0x20000000                current_level
 .data.up_rel   0x20000001        0x1 ./Src/game/menu_ui.o
 .data.down_rel
                0x20000002        0x1 ./Src/game/menu_ui.o
 .data.left_rel
                0x20000003        0x1 ./Src/game/menu_ui.o
 .data.right_rel
                0x20000004        0x1 ./Src/game/menu_ui.o
 .data.enter_rel
                0x20000005        0x1 ./Src/game/menu_ui.o
 .data.key_2_released
                0x20000006        0x1 ./Src/game/run_game.o
                0x20000006                key_2_released
 .data.key_4_released
                0x20000007        0x1 ./Src/game/run_game.o
                0x20000007                key_4_released
 .data.SystemCoreClock
                0x20000008        0x4 D:\STM32CubePrj\lib_sdk_1.0.3_nucleo_f401re\embedded-stm32-course-main\stm32-nonos-stdperiph-sdk\lib_stm\libLibraries.a(system_stm32f4xx.o)
                0x20000008                SystemCoreClock
 .data.AHBPrescTable
                0x2000000c       0x10 D:\STM32CubePrj\lib_sdk_1.0.3_nucleo_f401re\embedded-stm32-course-main\stm32-nonos-stdperiph-sdk\lib_stm\libLibraries.a(system_stm32f4xx.o)
                0x2000000c                AHBPrescTable
 .data.APBAHBPrescTable
                0x2000001c       0x10 D:\STM32CubePrj\lib_sdk_1.0.3_nucleo_f401re\embedded-stm32-course-main\stm32-nonos-stdperiph-sdk\lib_stm\libLibraries.a(stm32f401re_rcc.o)
 .data.pinBtnPad
                0x2000002c       0x30 D:\STM32CubePrj\lib_sdk_1.0.3_nucleo_f401re\embedded-stm32-course-main\stm32-nonos-stdperiph-sdk\lib_stm\libLibraries.a(button.o)
 .data.idTaskScanButton
                0x2000005c        0x1 D:\STM32CubePrj\lib_sdk_1.0.3_nucleo_f401re\embedded-stm32-course-main\stm32-nonos-stdperiph-sdk\lib_stm\libLibraries.a(button.o)
 .data.idTaskScanDecodeLen
                0x2000005d        0x1 D:\STM32CubePrj\lib_sdk_1.0.3_nucleo_f401re\embedded-stm32-course-main\stm32-nonos-stdperiph-sdk\lib_stm\libLibraries.a(ucg_font.o)
 *fill*         0x2000005e        0x2 
 .data._impure_ptr
                0x20000060        0x4 C:/ST/STM32CubeIDE_1.19.0/STM32CubeIDE/plugins/com.st.stm32cube.ide.mcu.externaltools.gnu-tools-for-stm32.13.3.rel1.win32_1.0.0.202411081344/tools/bin/../lib/gcc/arm-none-eabi/13.3.1/../../../../arm-none-eabi/lib/thumb/v7e-m+fp/hard\libc_nano.a(libc_a-impure.o)
                0x20000060                _impure_ptr
 .data._impure_data
                0x20000064       0x4c C:/ST/STM32CubeIDE_1.19.0/STM32CubeIDE/plugins/com.st.stm32cube.ide.mcu.externaltools.gnu-tools-for-stm32.13.3.rel1.win32_1.0.0.202411081344/tools/bin/../lib/gcc/arm-none-eabi/13.3.1/../../../../arm-none-eabi/lib/thumb/v7e-m+fp/hard\libc_nano.a(libc_a-impure.o)
                0x20000064                _impure_data
 *(.RamFunc)
 *(.RamFunc*)
                0x200000b0                        . = ALIGN (0x4)
                0x200000b0                        _edata = .

.igot.plt       0x200000b0        0x0 load address 0x08007a20
 .igot.plt      0x200000b0        0x0 C:/ST/STM32CubeIDE_1.19.0/STM32CubeIDE/plugins/com.st.stm32cube.ide.mcu.externaltools.gnu-tools-for-stm32.13.3.rel1.win32_1.0.0.202411081344/tools/bin/../lib/gcc/arm-none-eabi/13.3.1/thumb/v7e-m+fp/hard/crtbegin.o
                0x200000b0                        . = ALIGN (0x4)

.bss            0x200000b0     0x1490 load address 0x08007a20
                0x200000b0                        _sbss = .
                0x200000b0                        __bss_start__ = _sbss
 *(.bss)
 .bss           0x200000b0       0x1c C:/ST/STM32CubeIDE_1.19.0/STM32CubeIDE/plugins/com.st.stm32cube.ide.mcu.externaltools.gnu-tools-for-stm32.13.3.rel1.win32_1.0.0.202411081344/tools/bin/../lib/gcc/arm-none-eabi/13.3.1/thumb/v7e-m+fp/hard/crtbegin.o
 *(.bss*)
 .bss.cursor    0x200000cc        0x1 ./Src/game/menu_ui.o
 .bss.level_edit
                0x200000cd        0x1 ./Src/game/menu_ui.o
 *fill*         0x200000ce        0x2 
 .bss.ucg       0x200000d0       0xb4 ./Src/graphic/display_init.o
                0x200000d0                ucg
 .bss.__sbrk_heap_end
                0x20000184        0x4 ./Src/sysmem.o
 .bss.kpad      0x20000188       0x78 D:\STM32CubePrj\lib_sdk_1.0.3_nucleo_f401re\embedded-stm32-course-main\stm32-nonos-stdperiph-sdk\lib_stm\libLibraries.a(button.o)
 .bss.pEventCallbacks
                0x20000200       0x10 D:\STM32CubePrj\lib_sdk_1.0.3_nucleo_f401re\embedded-stm32-course-main\stm32-nonos-stdperiph-sdk\lib_stm\libLibraries.a(button.o)
 .bss.g_pTimerHandle
                0x20000210      0x180 D:\STM32CubePrj\lib_sdk_1.0.3_nucleo_f401re\embedded-stm32-course-main\stm32-nonos-stdperiph-sdk\lib_stm\libLibraries.a(timer.o)
 .bss.g_wMilSecTickTimer
                0x20000390        0x4 D:\STM32CubePrj\lib_sdk_1.0.3_nucleo_f401re\embedded-stm32-course-main\stm32-nonos-stdperiph-sdk\lib_stm\libLibraries.a(timer.o)
 .bss.fontQueue
                0x20000394       0x10 D:\STM32CubePrj\lib_sdk_1.0.3_nucleo_f401re\embedded-stm32-course-main\stm32-nonos-stdperiph-sdk\lib_stm\libLibraries.a(ucg_font.o)
 .bss.pQueueFont
                0x200003a4     0x1000 D:\STM32CubePrj\lib_sdk_1.0.3_nucleo_f401re\embedded-stm32-course-main\stm32-nonos-stdperiph-sdk\lib_stm\libLibraries.a(ucg_font.o)
 .bss.next.7562
                0x200013a4        0x1 D:\STM32CubePrj\lib_sdk_1.0.3_nucleo_f401re\embedded-stm32-course-main\stm32-nonos-stdperiph-sdk\lib_stm\libLibraries.a(ucg_font.o)
 *fill*         0x200013a5        0x3 
 .bss.__sf      0x200013a8      0x138 C:/ST/STM32CubeIDE_1.19.0/STM32CubeIDE/plugins/com.st.stm32cube.ide.mcu.externaltools.gnu-tools-for-stm32.13.3.rel1.win32_1.0.0.202411081344/tools/bin/../lib/gcc/arm-none-eabi/13.3.1/../../../../arm-none-eabi/lib/thumb/v7e-m+fp/hard\libc_nano.a(libc_a-findfp.o)
                0x200013a8                __sf
 .bss.errno     0x200014e0        0x4 C:/ST/STM32CubeIDE_1.19.0/STM32CubeIDE/plugins/com.st.stm32cube.ide.mcu.externaltools.gnu-tools-for-stm32.13.3.rel1.win32_1.0.0.202411081344/tools/bin/../lib/gcc/arm-none-eabi/13.3.1/../../../../arm-none-eabi/lib/thumb/v7e-m+fp/hard\libc_nano.a(libc_a-reent.o)
                0x200014e0                errno
 .bss.__lock___malloc_recursive_mutex
                0x200014e4        0x1 C:/ST/STM32CubeIDE_1.19.0/STM32CubeIDE/plugins/com.st.stm32cube.ide.mcu.externaltools.gnu-tools-for-stm32.13.3.rel1.win32_1.0.0.202411081344/tools/bin/../lib/gcc/arm-none-eabi/13.3.1/../../../../arm-none-eabi/lib/thumb/v7e-m+fp/hard\libc_nano.a(libc_a-lock.o)
                0x200014e4                __lock___malloc_recursive_mutex
 *fill*         0x200014e5        0x3 
 .bss.__malloc_sbrk_start
                0x200014e8        0x4 C:/ST/STM32CubeIDE_1.19.0/STM32CubeIDE/plugins/com.st.stm32cube.ide.mcu.externaltools.gnu-tools-for-stm32.13.3.rel1.win32_1.0.0.202411081344/tools/bin/../lib/gcc/arm-none-eabi/13.3.1/../../../../arm-none-eabi/lib/thumb/v7e-m+fp/hard\libc_nano.a(libc_a-mallocr.o)
                0x200014e8                __malloc_sbrk_start
 .bss.__malloc_free_list
                0x200014ec        0x4 C:/ST/STM32CubeIDE_1.19.0/STM32CubeIDE/plugins/com.st.stm32cube.ide.mcu.externaltools.gnu-tools-for-stm32.13.3.rel1.win32_1.0.0.202411081344/tools/bin/../lib/gcc/arm-none-eabi/13.3.1/../../../../arm-none-eabi/lib/thumb/v7e-m+fp/hard\libc_nano.a(libc_a-mallocr.o)
                0x200014ec                __malloc_free_list
 *(COMMON)
 COMMON         0x200014f0        0xc D:\STM32CubePrj\lib_sdk_1.0.3_nucleo_f401re\embedded-stm32-course-main\stm32-nonos-stdperiph-sdk\lib_stm\libLibraries.a(ucg_font.o)
                0x200014f0                ucg_draw_str
 COMMON         0x200014fc       0x44 D:\STM32CubePrj\lib_sdk_1.0.3_nucleo_f401re\embedded-stm32-course-main\stm32-nonos-stdperiph-sdk\lib_stm\libLibraries.a(ucg_polygon.o)
                0x200014fc                ucg_pg
                0x20001540                        . = ALIGN (0x4)
                0x20001540                        _ebss = .
                0x20001540                        __bss_end__ = _ebss

._user_heap_stack
                0x20001540      0x600 load address 0x08007a20
                0x20001540                        . = ALIGN (0x8)
                [!provide]                        PROVIDE (end = .)
                0x20001540                        PROVIDE (_end = .)
                0x20001740                        . = (. + _Min_Heap_Size)
 *fill*         0x20001540      0x200 
                0x20001b40                        . = (. + _Min_Stack_Size)
 *fill*         0x20001740      0x400 
                0x20001b40                        . = ALIGN (0x8)

/DISCARD/
 libc.a(*)
 libm.a(*)
 libgcc.a(*)

.ARM.attributes
                0x00000000       0x30
 *(.ARM.attributes)
 .ARM.attributes
                0x00000000       0x22 C:/ST/STM32CubeIDE_1.19.0/STM32CubeIDE/plugins/com.st.stm32cube.ide.mcu.externaltools.gnu-tools-for-stm32.13.3.rel1.win32_1.0.0.202411081344/tools/bin/../lib/gcc/arm-none-eabi/13.3.1/thumb/v7e-m+fp/hard/crti.o
 .ARM.attributes
                0x00000022       0x34 C:/ST/STM32CubeIDE_1.19.0/STM32CubeIDE/plugins/com.st.stm32cube.ide.mcu.externaltools.gnu-tools-for-stm32.13.3.rel1.win32_1.0.0.202411081344/tools/bin/../lib/gcc/arm-none-eabi/13.3.1/thumb/v7e-m+fp/hard/crtbegin.o
 .ARM.attributes
                0x00000056       0x34 ./Src/drivers/gpio.o
 .ARM.attributes
                0x0000008a       0x34 ./Src/drivers/timebase.o
 .ARM.attributes
                0x000000be       0x34 ./Src/game/collision.o
 .ARM.attributes
                0x000000f2       0x34 ./Src/game/levels.o
 .ARM.attributes
                0x00000126       0x34 ./Src/game/menu_ui.o
 .ARM.attributes
                0x0000015a       0x34 ./Src/game/run_game.o
 .ARM.attributes
                0x0000018e       0x34 ./Src/graphic/display_init.o
 .ARM.attributes
                0x000001c2       0x34 ./Src/graphic/render.o
 .ARM.attributes
                0x000001f6       0x34 ./Src/main.o
 .ARM.attributes
                0x0000022a       0x34 ./Src/sysmem.o
 .ARM.attributes
                0x0000025e       0x34 ./Src/periph/buzzer.o
 .ARM.attributes
                0x00000292       0x34 ./Src/periph/led.o
 .ARM.attributes
                0x000002c6       0x21 ./Startup/startup_stm32f401retx.o
 .ARM.attributes
                0x000002e7       0x34 ./lib_sdk_1.0.3_nucleo_f401re/embedded-stm32-course-main/stm32-nonos-stdperiph-sdk/docs/queue-test/queue.o
 .ARM.attributes
                0x0000031b       0x39 D:\STM32CubePrj\lib_sdk_1.0.3_nucleo_f401re\embedded-stm32-course-main\stm32-nonos-stdperiph-sdk\lib_stm\libLibraries.a(system_stm32f4xx.o)
 .ARM.attributes
                0x00000354       0x39 D:\STM32CubePrj\lib_sdk_1.0.3_nucleo_f401re\embedded-stm32-course-main\stm32-nonos-stdperiph-sdk\lib_stm\libLibraries.a(stm32f401re_gpio.o)
 .ARM.attributes
                0x0000038d       0x39 D:\STM32CubePrj\lib_sdk_1.0.3_nucleo_f401re\embedded-stm32-course-main\stm32-nonos-stdperiph-sdk\lib_stm\libLibraries.a(stm32f401re_rcc.o)
 .ARM.attributes
                0x000003c6       0x39 D:\STM32CubePrj\lib_sdk_1.0.3_nucleo_f401re\embedded-stm32-course-main\stm32-nonos-stdperiph-sdk\lib_stm\libLibraries.a(button.o)
 .ARM.attributes
                0x000003ff       0x39 D:\STM32CubePrj\lib_sdk_1.0.3_nucleo_f401re\embedded-stm32-course-main\stm32-nonos-stdperiph-sdk\lib_stm\libLibraries.a(timer.o)
 .ARM.attributes
                0x00000438       0x39 D:\STM32CubePrj\lib_sdk_1.0.3_nucleo_f401re\embedded-stm32-course-main\stm32-nonos-stdperiph-sdk\lib_stm\libLibraries.a(Ucglib.o)
 .ARM.attributes
                0x00000471       0x39 D:\STM32CubePrj\lib_sdk_1.0.3_nucleo_f401re\embedded-stm32-course-main\stm32-nonos-stdperiph-sdk\lib_stm\libLibraries.a(ucg_box.o)
 .ARM.attributes
                0x000004aa       0x39 D:\STM32CubePrj\lib_sdk_1.0.3_nucleo_f401re\embedded-stm32-course-main\stm32-nonos-stdperiph-sdk\lib_stm\libLibraries.a(ucg_ccs.o)
 .ARM.attributes
                0x000004e3       0x39 D:\STM32CubePrj\lib_sdk_1.0.3_nucleo_f401re\embedded-stm32-course-main\stm32-nonos-stdperiph-sdk\lib_stm\libLibraries.a(ucg_circle.o)
 .ARM.attributes
                0x0000051c       0x39 D:\STM32CubePrj\lib_sdk_1.0.3_nucleo_f401re\embedded-stm32-course-main\stm32-nonos-stdperiph-sdk\lib_stm\libLibraries.a(ucg_dev_default_cb.o)
 .ARM.attributes
                0x00000555       0x39 D:\STM32CubePrj\lib_sdk_1.0.3_nucleo_f401re\embedded-stm32-course-main\stm32-nonos-stdperiph-sdk\lib_stm\libLibraries.a(ucg_dev_ic_st7735.o)
 .ARM.attributes
                0x0000058e       0x39 D:\STM32CubePrj\lib_sdk_1.0.3_nucleo_f401re\embedded-stm32-course-main\stm32-nonos-stdperiph-sdk\lib_stm\libLibraries.a(ucg_dev_msg_api.o)
 .ARM.attributes
                0x000005c7       0x39 D:\STM32CubePrj\lib_sdk_1.0.3_nucleo_f401re\embedded-stm32-course-main\stm32-nonos-stdperiph-sdk\lib_stm\libLibraries.a(ucg_dev_tft_128x128_st7735.o)
 .ARM.attributes
                0x00000600       0x39 D:\STM32CubePrj\lib_sdk_1.0.3_nucleo_f401re\embedded-stm32-course-main\stm32-nonos-stdperiph-sdk\lib_stm\libLibraries.a(ucg_font.o)
 .ARM.attributes
                0x00000639       0x39 D:\STM32CubePrj\lib_sdk_1.0.3_nucleo_f401re\embedded-stm32-course-main\stm32-nonos-stdperiph-sdk\lib_stm\libLibraries.a(ucg_init.o)
 .ARM.attributes
                0x00000672       0x39 D:\STM32CubePrj\lib_sdk_1.0.3_nucleo_f401re\embedded-stm32-course-main\stm32-nonos-stdperiph-sdk\lib_stm\libLibraries.a(ucg_line.o)
 .ARM.attributes
                0x000006ab       0x39 D:\STM32CubePrj\lib_sdk_1.0.3_nucleo_f401re\embedded-stm32-course-main\stm32-nonos-stdperiph-sdk\lib_stm\libLibraries.a(ucg_pixel.o)
 .ARM.attributes
                0x000006e4       0x39 D:\STM32CubePrj\lib_sdk_1.0.3_nucleo_f401re\embedded-stm32-course-main\stm32-nonos-stdperiph-sdk\lib_stm\libLibraries.a(ucg_pixel_font_data.o)
 .ARM.attributes
                0x0000071d       0x39 D:\STM32CubePrj\lib_sdk_1.0.3_nucleo_f401re\embedded-stm32-course-main\stm32-nonos-stdperiph-sdk\lib_stm\libLibraries.a(ucg_polygon.o)
 .ARM.attributes
                0x00000756       0x39 D:\STM32CubePrj\lib_sdk_1.0.3_nucleo_f401re\embedded-stm32-course-main\stm32-nonos-stdperiph-sdk\lib_stm\libLibraries.a(ucg_rotate.o)
 .ARM.attributes
                0x0000078f       0x39 D:\STM32CubePrj\lib_sdk_1.0.3_nucleo_f401re\embedded-stm32-course-main\stm32-nonos-stdperiph-sdk\lib_stm\libLibraries.a(utilities.o)
 .ARM.attributes
                0x000007c8       0x39 D:\STM32CubePrj\lib_sdk_1.0.3_nucleo_f401re\embedded-stm32-course-main\stm32-nonos-stdperiph-sdk\lib_stm\libLibraries.a(ucg_clip.o)
 .ARM.attributes
                0x00000801       0x39 D:\STM32CubePrj\lib_sdk_1.0.3_nucleo_f401re\embedded-stm32-course-main\stm32-nonos-stdperiph-sdk\lib_stm\libLibraries.a(ucg_com_msg_api.o)
 .ARM.attributes
                0x0000083a       0x34 C:/ST/STM32CubeIDE_1.19.0/STM32CubeIDE/plugins/com.st.stm32cube.ide.mcu.externaltools.gnu-tools-for-stm32.13.3.rel1.win32_1.0.0.202411081344/tools/bin/../lib/gcc/arm-none-eabi/13.3.1/../../../../arm-none-eabi/lib/thumb/v7e-m+fp/hard\libc_nano.a(libc_a-findfp.o)
 .ARM.attributes
                0x0000086e       0x34 C:/ST/STM32CubeIDE_1.19.0/STM32CubeIDE/plugins/com.st.stm32cube.ide.mcu.externaltools.gnu-tools-for-stm32.13.3.rel1.win32_1.0.0.202411081344/tools/bin/../lib/gcc/arm-none-eabi/13.3.1/../../../../arm-none-eabi/lib/thumb/v7e-m+fp/hard\libc_nano.a(libc_a-sprintf.o)
 .ARM.attributes
                0x000008a2       0x34 C:/ST/STM32CubeIDE_1.19.0/STM32CubeIDE/plugins/com.st.stm32cube.ide.mcu.externaltools.gnu-tools-for-stm32.13.3.rel1.win32_1.0.0.202411081344/tools/bin/../lib/gcc/arm-none-eabi/13.3.1/../../../../arm-none-eabi/lib/thumb/v7e-m+fp/hard\libc_nano.a(libc_a-memset.o)
 .ARM.attributes
                0x000008d6       0x34 C:/ST/STM32CubeIDE_1.19.0/STM32CubeIDE/plugins/com.st.stm32cube.ide.mcu.externaltools.gnu-tools-for-stm32.13.3.rel1.win32_1.0.0.202411081344/tools/bin/../lib/gcc/arm-none-eabi/13.3.1/../../../../arm-none-eabi/lib/thumb/v7e-m+fp/hard\libc_nano.a(libc_a-reent.o)
 .ARM.attributes
                0x0000090a       0x34 C:/ST/STM32CubeIDE_1.19.0/STM32CubeIDE/plugins/com.st.stm32cube.ide.mcu.externaltools.gnu-tools-for-stm32.13.3.rel1.win32_1.0.0.202411081344/tools/bin/../lib/gcc/arm-none-eabi/13.3.1/../../../../arm-none-eabi/lib/thumb/v7e-m+fp/hard\libc_nano.a(libc_a-impure.o)
 .ARM.attributes
                0x0000093e       0x34 C:/ST/STM32CubeIDE_1.19.0/STM32CubeIDE/plugins/com.st.stm32cube.ide.mcu.externaltools.gnu-tools-for-stm32.13.3.rel1.win32_1.0.0.202411081344/tools/bin/../lib/gcc/arm-none-eabi/13.3.1/../../../../arm-none-eabi/lib/thumb/v7e-m+fp/hard\libc_nano.a(libc_a-errno.o)
 .ARM.attributes
                0x00000972       0x34 C:/ST/STM32CubeIDE_1.19.0/STM32CubeIDE/plugins/com.st.stm32cube.ide.mcu.externaltools.gnu-tools-for-stm32.13.3.rel1.win32_1.0.0.202411081344/tools/bin/../lib/gcc/arm-none-eabi/13.3.1/../../../../arm-none-eabi/lib/thumb/v7e-m+fp/hard\libc_nano.a(libc_a-init.o)
 .ARM.attributes
                0x000009a6       0x34 C:/ST/STM32CubeIDE_1.19.0/STM32CubeIDE/plugins/com.st.stm32cube.ide.mcu.externaltools.gnu-tools-for-stm32.13.3.rel1.win32_1.0.0.202411081344/tools/bin/../lib/gcc/arm-none-eabi/13.3.1/../../../../arm-none-eabi/lib/thumb/v7e-m+fp/hard\libc_nano.a(libc_a-lock.o)
 .ARM.attributes
                0x000009da       0x34 C:/ST/STM32CubeIDE_1.19.0/STM32CubeIDE/plugins/com.st.stm32cube.ide.mcu.externaltools.gnu-tools-for-stm32.13.3.rel1.win32_1.0.0.202411081344/tools/bin/../lib/gcc/arm-none-eabi/13.3.1/../../../../arm-none-eabi/lib/thumb/v7e-m+fp/hard\libc_nano.a(libc_a-freer.o)
 .ARM.attributes
                0x00000a0e       0x34 C:/ST/STM32CubeIDE_1.19.0/STM32CubeIDE/plugins/com.st.stm32cube.ide.mcu.externaltools.gnu-tools-for-stm32.13.3.rel1.win32_1.0.0.202411081344/tools/bin/../lib/gcc/arm-none-eabi/13.3.1/../../../../arm-none-eabi/lib/thumb/v7e-m+fp/hard\libc_nano.a(libc_a-mallocr.o)
 .ARM.attributes
                0x00000a42       0x34 C:/ST/STM32CubeIDE_1.19.0/STM32CubeIDE/plugins/com.st.stm32cube.ide.mcu.externaltools.gnu-tools-for-stm32.13.3.rel1.win32_1.0.0.202411081344/tools/bin/../lib/gcc/arm-none-eabi/13.3.1/../../../../arm-none-eabi/lib/thumb/v7e-m+fp/hard\libc_nano.a(libc_a-mlock.o)
 .ARM.attributes
                0x00000a76       0x34 C:/ST/STM32CubeIDE_1.19.0/STM32CubeIDE/plugins/com.st.stm32cube.ide.mcu.externaltools.gnu-tools-for-stm32.13.3.rel1.win32_1.0.0.202411081344/tools/bin/../lib/gcc/arm-none-eabi/13.3.1/../../../../arm-none-eabi/lib/thumb/v7e-m+fp/hard\libc_nano.a(libc_a-nano-svfprintf.o)
 .ARM.attributes
                0x00000aaa       0x34 C:/ST/STM32CubeIDE_1.19.0/STM32CubeIDE/plugins/com.st.stm32cube.ide.mcu.externaltools.gnu-tools-for-stm32.13.3.rel1.win32_1.0.0.202411081344/tools/bin/../lib/gcc/arm-none-eabi/13.3.1/../../../../arm-none-eabi/lib/thumb/v7e-m+fp/hard\libc_nano.a(libc_a-nano-vfprintf_i.o)
 .ARM.attributes
                0x00000ade       0x34 C:/ST/STM32CubeIDE_1.19.0/STM32CubeIDE/plugins/com.st.stm32cube.ide.mcu.externaltools.gnu-tools-for-stm32.13.3.rel1.win32_1.0.0.202411081344/tools/bin/../lib/gcc/arm-none-eabi/13.3.1/../../../../arm-none-eabi/lib/thumb/v7e-m+fp/hard\libc_nano.a(libc_a-memmove.o)
 .ARM.attributes
                0x00000b12       0x34 C:/ST/STM32CubeIDE_1.19.0/STM32CubeIDE/plugins/com.st.stm32cube.ide.mcu.externaltools.gnu-tools-for-stm32.13.3.rel1.win32_1.0.0.202411081344/tools/bin/../lib/gcc/arm-none-eabi/13.3.1/../../../../arm-none-eabi/lib/thumb/v7e-m+fp/hard\libc_nano.a(libc_a-sbrkr.o)
 .ARM.attributes
                0x00000b46       0x1c C:/ST/STM32CubeIDE_1.19.0/STM32CubeIDE/plugins/com.st.stm32cube.ide.mcu.externaltools.gnu-tools-for-stm32.13.3.rel1.win32_1.0.0.202411081344/tools/bin/../lib/gcc/arm-none-eabi/13.3.1/../../../../arm-none-eabi/lib/thumb/v7e-m+fp/hard\libc_nano.a(libc_a-memchr.o)
 .ARM.attributes
                0x00000b62       0x34 C:/ST/STM32CubeIDE_1.19.0/STM32CubeIDE/plugins/com.st.stm32cube.ide.mcu.externaltools.gnu-tools-for-stm32.13.3.rel1.win32_1.0.0.202411081344/tools/bin/../lib/gcc/arm-none-eabi/13.3.1/../../../../arm-none-eabi/lib/thumb/v7e-m+fp/hard\libc_nano.a(libc_a-memcpy-stub.o)
 .ARM.attributes
                0x00000b96       0x34 C:/ST/STM32CubeIDE_1.19.0/STM32CubeIDE/plugins/com.st.stm32cube.ide.mcu.externaltools.gnu-tools-for-stm32.13.3.rel1.win32_1.0.0.202411081344/tools/bin/../lib/gcc/arm-none-eabi/13.3.1/../../../../arm-none-eabi/lib/thumb/v7e-m+fp/hard\libc_nano.a(libc_a-reallocr.o)
 .ARM.attributes
                0x00000bca       0x34 C:/ST/STM32CubeIDE_1.19.0/STM32CubeIDE/plugins/com.st.stm32cube.ide.mcu.externaltools.gnu-tools-for-stm32.13.3.rel1.win32_1.0.0.202411081344/tools/bin/../lib/gcc/arm-none-eabi/13.3.1/../../../../arm-none-eabi/lib/thumb/v7e-m+fp/hard\libc_nano.a(libc_a-msizer.o)
 .ARM.attributes
                0x00000bfe       0x22 C:/ST/STM32CubeIDE_1.19.0/STM32CubeIDE/plugins/com.st.stm32cube.ide.mcu.externaltools.gnu-tools-for-stm32.13.3.rel1.win32_1.0.0.202411081344/tools/bin/../lib/gcc/arm-none-eabi/13.3.1/thumb/v7e-m+fp/hard/crtn.o
OUTPUT(arknoid.elf elf32-littlearm)
LOAD linker stubs
LOAD C:/ST/STM32CubeIDE_1.19.0/STM32CubeIDE/plugins/com.st.stm32cube.ide.mcu.externaltools.gnu-tools-for-stm32.13.3.rel1.win32_1.0.0.202411081344/tools/bin/../lib/gcc/arm-none-eabi/13.3.1/../../../../arm-none-eabi/lib/thumb/v7e-m+fp/hard\libc.a
LOAD C:/ST/STM32CubeIDE_1.19.0/STM32CubeIDE/plugins/com.st.stm32cube.ide.mcu.externaltools.gnu-tools-for-stm32.13.3.rel1.win32_1.0.0.202411081344/tools/bin/../lib/gcc/arm-none-eabi/13.3.1/../../../../arm-none-eabi/lib/thumb/v7e-m+fp/hard\libm.a
LOAD C:/ST/STM32CubeIDE_1.19.0/STM32CubeIDE/plugins/com.st.stm32cube.ide.mcu.externaltools.gnu-tools-for-stm32.13.3.rel1.win32_1.0.0.202411081344/tools/bin/../lib/gcc/arm-none-eabi/13.3.1/thumb/v7e-m+fp/hard\libgcc.a

.debug_info     0x00000000    0x3e85d
 .debug_info    0x00000000       0xe3 ./Src/drivers/gpio.o
 .debug_info    0x000000e3      0x64c ./Src/drivers/timebase.o
 .debug_info    0x0000072f      0x254 ./Src/game/collision.o
 .debug_info    0x00000983      0x133 ./Src/game/levels.o
 .debug_info    0x00000ab6      0x9de ./Src/game/menu_ui.o
 .debug_info    0x00001494      0xb6c ./Src/game/run_game.o
 .debug_info    0x00002000      0x777 ./Src/graphic/display_init.o
 .debug_info    0x00002777      0x93d ./Src/graphic/render.o
 .debug_info    0x000030b4      0x79e ./Src/main.o
 .debug_info    0x00003852      0x168 ./Src/sysmem.o
 .debug_info    0x000039ba      0x2f7 ./Src/periph/buzzer.o
 .debug_info    0x00003cb1      0x35d ./Src/periph/led.o
 .debug_info    0x0000400e       0x30 ./Startup/startup_stm32f401retx.o
 .debug_info    0x0000403e      0x2b0 ./lib_sdk_1.0.3_nucleo_f401re/embedded-stm32-course-main/stm32-nonos-stdperiph-sdk/docs/queue-test/queue.o
 .debug_info    0x000042ee      0x5bb D:\STM32CubePrj\lib_sdk_1.0.3_nucleo_f401re\embedded-stm32-course-main\stm32-nonos-stdperiph-sdk\lib_stm\libLibraries.a(system_stm32f4xx.o)
 .debug_info    0x000048a9      0x62b D:\STM32CubePrj\lib_sdk_1.0.3_nucleo_f401re\embedded-stm32-course-main\stm32-nonos-stdperiph-sdk\lib_stm\libLibraries.a(stm32f401re_gpio.o)
 .debug_info    0x00004ed4      0xd5e D:\STM32CubePrj\lib_sdk_1.0.3_nucleo_f401re\embedded-stm32-course-main\stm32-nonos-stdperiph-sdk\lib_stm\libLibraries.a(stm32f401re_rcc.o)
 .debug_info    0x00005c32      0x5fe D:\STM32CubePrj\lib_sdk_1.0.3_nucleo_f401re\embedded-stm32-course-main\stm32-nonos-stdperiph-sdk\lib_stm\libLibraries.a(button.o)
 .debug_info    0x00006230      0x922 D:\STM32CubePrj\lib_sdk_1.0.3_nucleo_f401re\embedded-stm32-course-main\stm32-nonos-stdperiph-sdk\lib_stm\libLibraries.a(timer.o)
 .debug_info    0x00006b52     0x333f D:\STM32CubePrj\lib_sdk_1.0.3_nucleo_f401re\embedded-stm32-course-main\stm32-nonos-stdperiph-sdk\lib_stm\libLibraries.a(Ucglib.o)
 .debug_info    0x00009e91     0x329d D:\STM32CubePrj\lib_sdk_1.0.3_nucleo_f401re\embedded-stm32-course-main\stm32-nonos-stdperiph-sdk\lib_stm\libLibraries.a(ucg_box.o)
 .debug_info    0x0000d12e     0x2b08 D:\STM32CubePrj\lib_sdk_1.0.3_nucleo_f401re\embedded-stm32-course-main\stm32-nonos-stdperiph-sdk\lib_stm\libLibraries.a(ucg_ccs.o)
 .debug_info    0x0000fc36     0x3274 D:\STM32CubePrj\lib_sdk_1.0.3_nucleo_f401re\embedded-stm32-course-main\stm32-nonos-stdperiph-sdk\lib_stm\libLibraries.a(ucg_circle.o)
 .debug_info    0x00012eaa     0x324b D:\STM32CubePrj\lib_sdk_1.0.3_nucleo_f401re\embedded-stm32-course-main\stm32-nonos-stdperiph-sdk\lib_stm\libLibraries.a(ucg_dev_default_cb.o)
 .debug_info    0x000160f5     0x3272 D:\STM32CubePrj\lib_sdk_1.0.3_nucleo_f401re\embedded-stm32-course-main\stm32-nonos-stdperiph-sdk\lib_stm\libLibraries.a(ucg_dev_ic_st7735.o)
 .debug_info    0x00019367     0x3178 D:\STM32CubePrj\lib_sdk_1.0.3_nucleo_f401re\embedded-stm32-course-main\stm32-nonos-stdperiph-sdk\lib_stm\libLibraries.a(ucg_dev_msg_api.o)
 .debug_info    0x0001c4df     0x303e D:\STM32CubePrj\lib_sdk_1.0.3_nucleo_f401re\embedded-stm32-course-main\stm32-nonos-stdperiph-sdk\lib_stm\libLibraries.a(ucg_dev_tft_128x128_st7735.o)
 .debug_info    0x0001f51d     0x43ab D:\STM32CubePrj\lib_sdk_1.0.3_nucleo_f401re\embedded-stm32-course-main\stm32-nonos-stdperiph-sdk\lib_stm\libLibraries.a(ucg_font.o)
 .debug_info    0x000238c8     0x3856 D:\STM32CubePrj\lib_sdk_1.0.3_nucleo_f401re\embedded-stm32-course-main\stm32-nonos-stdperiph-sdk\lib_stm\libLibraries.a(ucg_init.o)
 .debug_info    0x0002711e     0x3222 D:\STM32CubePrj\lib_sdk_1.0.3_nucleo_f401re\embedded-stm32-course-main\stm32-nonos-stdperiph-sdk\lib_stm\libLibraries.a(ucg_line.o)
 .debug_info    0x0002a340     0x3056 D:\STM32CubePrj\lib_sdk_1.0.3_nucleo_f401re\embedded-stm32-course-main\stm32-nonos-stdperiph-sdk\lib_stm\libLibraries.a(ucg_pixel.o)
 .debug_info    0x0002d396     0x43df D:\STM32CubePrj\lib_sdk_1.0.3_nucleo_f401re\embedded-stm32-course-main\stm32-nonos-stdperiph-sdk\lib_stm\libLibraries.a(ucg_pixel_font_data.o)
 .debug_info    0x00031775     0x3616 D:\STM32CubePrj\lib_sdk_1.0.3_nucleo_f401re\embedded-stm32-course-main\stm32-nonos-stdperiph-sdk\lib_stm\libLibraries.a(ucg_polygon.o)
 .debug_info    0x00034d8b     0x3231 D:\STM32CubePrj\lib_sdk_1.0.3_nucleo_f401re\embedded-stm32-course-main\stm32-nonos-stdperiph-sdk\lib_stm\libLibraries.a(ucg_rotate.o)
 .debug_info    0x00037fbc      0x2bd D:\STM32CubePrj\lib_sdk_1.0.3_nucleo_f401re\embedded-stm32-course-main\stm32-nonos-stdperiph-sdk\lib_stm\libLibraries.a(utilities.o)
 .debug_info    0x00038279     0x315a D:\STM32CubePrj\lib_sdk_1.0.3_nucleo_f401re\embedded-stm32-course-main\stm32-nonos-stdperiph-sdk\lib_stm\libLibraries.a(ucg_clip.o)
 .debug_info    0x0003b3d3     0x348a D:\STM32CubePrj\lib_sdk_1.0.3_nucleo_f401re\embedded-stm32-course-main\stm32-nonos-stdperiph-sdk\lib_stm\libLibraries.a(ucg_com_msg_api.o)

.debug_abbrev   0x00000000     0x38a5
 .debug_abbrev  0x00000000       0x9b ./Src/drivers/gpio.o
 .debug_abbrev  0x0000009b      0x205 ./Src/drivers/timebase.o
 .debug_abbrev  0x000002a0      0x105 ./Src/game/collision.o
 .debug_abbrev  0x000003a5       0xaa ./Src/game/levels.o
 .debug_abbrev  0x0000044f      0x236 ./Src/game/menu_ui.o
 .debug_abbrev  0x00000685      0x26b ./Src/game/run_game.o
 .debug_abbrev  0x000008f0      0x189 ./Src/graphic/display_init.o
 .debug_abbrev  0x00000a79      0x1c8 ./Src/graphic/render.o
 .debug_abbrev  0x00000c41      0x18d ./Src/main.o
 .debug_abbrev  0x00000dce       0xbc ./Src/sysmem.o
 .debug_abbrev  0x00000e8a      0x16c ./Src/periph/buzzer.o
 .debug_abbrev  0x00000ff6      0x17a ./Src/periph/led.o
 .debug_abbrev  0x00001170       0x24 ./Startup/startup_stm32f401retx.o
 .debug_abbrev  0x00001194      0x123 ./lib_sdk_1.0.3_nucleo_f401re/embedded-stm32-course-main/stm32-nonos-stdperiph-sdk/docs/queue-test/queue.o
 .debug_abbrev  0x000012b7      0x138 D:\STM32CubePrj\lib_sdk_1.0.3_nucleo_f401re\embedded-stm32-course-main\stm32-nonos-stdperiph-sdk\lib_stm\libLibraries.a(system_stm32f4xx.o)
 .debug_abbrev  0x000013ef      0x1bf D:\STM32CubePrj\lib_sdk_1.0.3_nucleo_f401re\embedded-stm32-course-main\stm32-nonos-stdperiph-sdk\lib_stm\libLibraries.a(stm32f401re_gpio.o)
 .debug_abbrev  0x000015ae      0x1d4 D:\STM32CubePrj\lib_sdk_1.0.3_nucleo_f401re\embedded-stm32-course-main\stm32-nonos-stdperiph-sdk\lib_stm\libLibraries.a(stm32f401re_rcc.o)
 .debug_abbrev  0x00001782      0x220 D:\STM32CubePrj\lib_sdk_1.0.3_nucleo_f401re\embedded-stm32-course-main\stm32-nonos-stdperiph-sdk\lib_stm\libLibraries.a(button.o)
 .debug_abbrev  0x000019a2      0x29a D:\STM32CubePrj\lib_sdk_1.0.3_nucleo_f401re\embedded-stm32-course-main\stm32-nonos-stdperiph-sdk\lib_stm\libLibraries.a(timer.o)
 .debug_abbrev  0x00001c3c      0x202 D:\STM32CubePrj\lib_sdk_1.0.3_nucleo_f401re\embedded-stm32-course-main\stm32-nonos-stdperiph-sdk\lib_stm\libLibraries.a(Ucglib.o)
 .debug_abbrev  0x00001e3e      0x18b D:\STM32CubePrj\lib_sdk_1.0.3_nucleo_f401re\embedded-stm32-course-main\stm32-nonos-stdperiph-sdk\lib_stm\libLibraries.a(ucg_box.o)
 .debug_abbrev  0x00001fc9       0xf5 D:\STM32CubePrj\lib_sdk_1.0.3_nucleo_f401re\embedded-stm32-course-main\stm32-nonos-stdperiph-sdk\lib_stm\libLibraries.a(ucg_ccs.o)
 .debug_abbrev  0x000020be      0x18b D:\STM32CubePrj\lib_sdk_1.0.3_nucleo_f401re\embedded-stm32-course-main\stm32-nonos-stdperiph-sdk\lib_stm\libLibraries.a(ucg_circle.o)
 .debug_abbrev  0x00002249      0x19e D:\STM32CubePrj\lib_sdk_1.0.3_nucleo_f401re\embedded-stm32-course-main\stm32-nonos-stdperiph-sdk\lib_stm\libLibraries.a(ucg_dev_default_cb.o)
 .debug_abbrev  0x000023e7      0x1dc D:\STM32CubePrj\lib_sdk_1.0.3_nucleo_f401re\embedded-stm32-course-main\stm32-nonos-stdperiph-sdk\lib_stm\libLibraries.a(ucg_dev_ic_st7735.o)
 .debug_abbrev  0x000025c3      0x191 D:\STM32CubePrj\lib_sdk_1.0.3_nucleo_f401re\embedded-stm32-course-main\stm32-nonos-stdperiph-sdk\lib_stm\libLibraries.a(ucg_dev_msg_api.o)
 .debug_abbrev  0x00002754      0x14e D:\STM32CubePrj\lib_sdk_1.0.3_nucleo_f401re\embedded-stm32-course-main\stm32-nonos-stdperiph-sdk\lib_stm\libLibraries.a(ucg_dev_tft_128x128_st7735.o)
 .debug_abbrev  0x000028a2      0x2fc D:\STM32CubePrj\lib_sdk_1.0.3_nucleo_f401re\embedded-stm32-course-main\stm32-nonos-stdperiph-sdk\lib_stm\libLibraries.a(ucg_font.o)
 .debug_abbrev  0x00002b9e      0x1c6 D:\STM32CubePrj\lib_sdk_1.0.3_nucleo_f401re\embedded-stm32-course-main\stm32-nonos-stdperiph-sdk\lib_stm\libLibraries.a(ucg_init.o)
 .debug_abbrev  0x00002d64      0x175 D:\STM32CubePrj\lib_sdk_1.0.3_nucleo_f401re\embedded-stm32-course-main\stm32-nonos-stdperiph-sdk\lib_stm\libLibraries.a(ucg_line.o)
 .debug_abbrev  0x00002ed9      0x148 D:\STM32CubePrj\lib_sdk_1.0.3_nucleo_f401re\embedded-stm32-course-main\stm32-nonos-stdperiph-sdk\lib_stm\libLibraries.a(ucg_pixel.o)
 .debug_abbrev  0x00003021       0x83 D:\STM32CubePrj\lib_sdk_1.0.3_nucleo_f401re\embedded-stm32-course-main\stm32-nonos-stdperiph-sdk\lib_stm\libLibraries.a(ucg_pixel_font_data.o)
 .debug_abbrev  0x000030a4      0x22b D:\STM32CubePrj\lib_sdk_1.0.3_nucleo_f401re\embedded-stm32-course-main\stm32-nonos-stdperiph-sdk\lib_stm\libLibraries.a(ucg_polygon.o)
 .debug_abbrev  0x000032cf      0x1a3 D:\STM32CubePrj\lib_sdk_1.0.3_nucleo_f401re\embedded-stm32-course-main\stm32-nonos-stdperiph-sdk\lib_stm\libLibraries.a(ucg_rotate.o)
 .debug_abbrev  0x00003472       0xce D:\STM32CubePrj\lib_sdk_1.0.3_nucleo_f401re\embedded-stm32-course-main\stm32-nonos-stdperiph-sdk\lib_stm\libLibraries.a(utilities.o)
 .debug_abbrev  0x00003540      0x173 D:\STM32CubePrj\lib_sdk_1.0.3_nucleo_f401re\embedded-stm32-course-main\stm32-nonos-stdperiph-sdk\lib_stm\libLibraries.a(ucg_clip.o)
 .debug_abbrev  0x000036b3      0x1f2 D:\STM32CubePrj\lib_sdk_1.0.3_nucleo_f401re\embedded-stm32-course-main\stm32-nonos-stdperiph-sdk\lib_stm\libLibraries.a(ucg_com_msg_api.o)

.debug_aranges  0x00000000      0xbf8
 .debug_aranges
                0x00000000       0x20 ./Src/drivers/gpio.o
 .debug_aranges
                0x00000020       0x40 ./Src/drivers/timebase.o
 .debug_aranges
                0x00000060       0x30 ./Src/game/collision.o
 .debug_aranges
                0x00000090       0x18 ./Src/game/levels.o
 .debug_aranges
                0x000000a8       0x28 ./Src/game/menu_ui.o
 .debug_aranges
                0x000000d0       0x28 ./Src/game/run_game.o
 .debug_aranges
                0x000000f8       0x20 ./Src/graphic/display_init.o
 .debug_aranges
                0x00000118       0x48 ./Src/graphic/render.o
 .debug_aranges
                0x00000160       0x20 ./Src/main.o
 .debug_aranges
                0x00000180       0x20 ./Src/sysmem.o
 .debug_aranges
                0x000001a0       0x28 ./Src/periph/buzzer.o
 .debug_aranges
                0x000001c8       0x38 ./Src/periph/led.o
 .debug_aranges
                0x00000200       0x28 ./Startup/startup_stm32f401retx.o
 .debug_aranges
                0x00000228       0x50 ./lib_sdk_1.0.3_nucleo_f401re/embedded-stm32-course-main/stm32-nonos-stdperiph-sdk/docs/queue-test/queue.o
 .debug_aranges
                0x00000278       0x30 D:\STM32CubePrj\lib_sdk_1.0.3_nucleo_f401re\embedded-stm32-course-main\stm32-nonos-stdperiph-sdk\lib_stm\libLibraries.a(system_stm32f4xx.o)
 .debug_aranges
                0x000002a8       0x88 D:\STM32CubePrj\lib_sdk_1.0.3_nucleo_f401re\embedded-stm32-course-main\stm32-nonos-stdperiph-sdk\lib_stm\libLibraries.a(stm32f401re_gpio.o)
 .debug_aranges
                0x00000330      0x198 D:\STM32CubePrj\lib_sdk_1.0.3_nucleo_f401re\embedded-stm32-course-main\stm32-nonos-stdperiph-sdk\lib_stm\libLibraries.a(stm32f401re_rcc.o)
 .debug_aranges
                0x000004c8       0x58 D:\STM32CubePrj\lib_sdk_1.0.3_nucleo_f401re\embedded-stm32-course-main\stm32-nonos-stdperiph-sdk\lib_stm\libLibraries.a(button.o)
 .debug_aranges
                0x00000520       0x70 D:\STM32CubePrj\lib_sdk_1.0.3_nucleo_f401re\embedded-stm32-course-main\stm32-nonos-stdperiph-sdk\lib_stm\libLibraries.a(timer.o)
 .debug_aranges
                0x00000590       0x48 D:\STM32CubePrj\lib_sdk_1.0.3_nucleo_f401re\embedded-stm32-course-main\stm32-nonos-stdperiph-sdk\lib_stm\libLibraries.a(Ucglib.o)
 .debug_aranges
                0x000005d8       0x48 D:\STM32CubePrj\lib_sdk_1.0.3_nucleo_f401re\embedded-stm32-course-main\stm32-nonos-stdperiph-sdk\lib_stm\libLibraries.a(ucg_box.o)
 .debug_aranges
                0x00000620       0x30 D:\STM32CubePrj\lib_sdk_1.0.3_nucleo_f401re\embedded-stm32-course-main\stm32-nonos-stdperiph-sdk\lib_stm\libLibraries.a(ucg_ccs.o)
 .debug_aranges
                0x00000650       0x48 D:\STM32CubePrj\lib_sdk_1.0.3_nucleo_f401re\embedded-stm32-course-main\stm32-nonos-stdperiph-sdk\lib_stm\libLibraries.a(ucg_circle.o)
 .debug_aranges
                0x00000698       0x48 D:\STM32CubePrj\lib_sdk_1.0.3_nucleo_f401re\embedded-stm32-course-main\stm32-nonos-stdperiph-sdk\lib_stm\libLibraries.a(ucg_dev_default_cb.o)
 .debug_aranges