D:/STM32CubePrj/lib_sdk_1.0.3_nucleo_f401re/embedded-stm32-course-main/stm32-nonos-stdperiph-sdk/docs/light-sensor-library/LightDependentResistor.c:50:6:LDR_init	24	static
D:/STM32CubePrj/lib_sdk_1.0.3_nucleo_f401re/embedded-stm32-course-main/stm32-nonos-stdperiph-sdk/docs/light-sensor-library/LightDependentResistor.c:94:6:LDR_setPhotocellPositionOnGround	16	static
D:/STM32CubePrj/lib_sdk_1.0.3_nucleo_f401re/embedded-stm32-course-main/stm32-nonos-stdperiph-sdk/docs/light-sensor-library/LightDependentResistor.c:99:6:LDR_updatePhotocellParameters	16	static
D:/STM32CubePrj/lib_sdk_1.0.3_nucleo_f401re/embedded-stm32-course-main/stm32-nonos-stdperiph-sdk/docs/light-sensor-library/LightDependentResistor.c:105:7:LDR_luxToFootCandles	16	static
D:/STM32CubePrj/lib_sdk_1.0.3_nucleo_f401re/embedded-stm32-course-main/stm32-nonos-stdperiph-sdk/docs/light-sensor-library/LightDependentResistor.c:110:7:LDR_footCandlesToLux	16	static
D:/STM32CubePrj/lib_sdk_1.0.3_nucleo_f401re/embedded-stm32-course-main/stm32-nonos-stdperiph-sdk/docs/light-sensor-library/LightDependentResistor.c:115:7:LDR_rawAnalogValueToLux	40	static
D:/STM32CubePrj/lib_sdk_1.0.3_nucleo_f401re/embedded-stm32-course-main/stm32-nonos-stdperiph-sdk/docs/light-sensor-library/LightDependentResistor.c:137:7:LDR_getCurrentLux	16	static
D:/STM32CubePrj/lib_sdk_1.0.3_nucleo_f401re/embedded-stm32-course-main/stm32-nonos-stdperiph-sdk/docs/light-sensor-library/LightDependentResistor.c:142:7:LDR_getCurrentFootCandles	16	static
D:/STM32CubePrj/lib_sdk_1.0.3_nucleo_f401re/embedded-stm32-course-main/stm32-nonos-stdperiph-sdk/docs/light-sensor-library/LightDependentResistor.c:147:7:LDR_getSmoothedLux	32	static
D:/STM32CubePrj/lib_sdk_1.0.3_nucleo_f401re/embedded-stm32-course-main/stm32-nonos-stdperiph-sdk/docs/light-sensor-library/LightDependentResistor.c:198:7:LDR_getSmoothedFootCandles	16	static
